2026-06-26T00:00:00 === iter-1 kickoff baseline HEAD=a7a388953 DIRTY: M Assets/Scenes/ShellScene.unity M Docs/Specs/Active/tournament_local_backend/STATUS.md ===
2026-06-26T00:00:00 activated — reading SPEC and all deps, about to implement Stage 1-4
2026-06-26T09:11:14Z all 14 clock-advancement fixes applied, tests-run: 140 pass 0 fail
2026-06-26T09:12:27Z done, awaiting review
=== iter-2 kickoff baseline ===
HEAD: 159dfd914001733051261f0e3164ff09db88eaa8
DIRTY:
 M Assets/Scenes/ShellScene.unity
 M Docs/Specs/Active/tournament_local_backend/STATUS.md
 M Packages/manifest.json
 M Packages/packages-lock.json
?? Assets/Scripts/Tournaments/ITournamentEntryStore.cs
?? Assets/Scripts/Tournaments/ITournamentEntryStore.cs.meta
?? Assets/Scripts/Tournaments/ITournamentSeams.cs
?? Assets/Scripts/Tournaments/ITournamentSeams.cs.meta
?? Assets/Scripts/Tournaments/LocalTournamentBackend.cs
?? Assets/Scripts/Tournaments/LocalTournamentBackend.cs.meta
?? Assets/Scripts/Tournaments/Tests/LocalTournamentBackendTests.cs
?? Assets/Scripts/Tournaments/Tests/LocalTournamentBackendTests.cs.meta
?? Docs/Specs/Active/tournament_local_backend/HEARTBEAT.log
?? Docs/Specs/Active/tournament_local_backend/IMPLEMENTER_REPORT.md
?? Docs/Specs/Active/tournament_local_backend/SELF_REVIEW.md
=== end baseline ===
2026-06-26T09:18:30Z iter-2 started: addressing self-review FAIL (D-claim persisted + multi-entry tests + determinism)
2026-06-26T09:34:47Z iter-2 complete — 654/654 pass (0 fail, 3 skip pre-existing); IMPLEMENTER_REPORT updated with self-review follow-up; setting READY_FOR_SELF_REVIEW

=== iter-3 kickoff baseline ===
HEAD: 159dfd914001733051261f0e3164ff09db88eaa8
DIRTY:
 M Assets/Scenes/ShellScene.unity
 M Docs/Specs/Active/tournament_local_backend/STATUS.md
 M Packages/manifest.json
 M Packages/packages-lock.json
?? Assets/Scripts/Tournaments/ITournamentEntryStore.cs
?? Assets/Scripts/Tournaments/ITournamentEntryStore.cs.meta
?? Assets/Scripts/Tournaments/ITournamentSeams.cs
?? Assets/Scripts/Tournaments/ITournamentSeams.cs.meta
?? Assets/Scripts/Tournaments/LocalTournamentBackend.cs
?? Assets/Scripts/Tournaments/LocalTournamentBackend.cs.meta
?? Assets/Scripts/Tournaments/Tests/LocalTournamentBackendTests.cs
?? Assets/Scripts/Tournaments/Tests/LocalTournamentBackendTests.cs.meta
?? Docs/Specs/Active/tournament_local_backend/ARCHITECT_REVIEW.md
?? Docs/Specs/Active/tournament_local_backend/HEARTBEAT.log
?? Docs/Specs/Active/tournament_local_backend/IMPLEMENTER_REPORT.md
?? Docs/Specs/Active/tournament_local_backend/REDTEAM_REVIEW.md
?? Docs/Specs/Active/tournament_local_backend/SELF_REVIEW.md
===========================
2026-06-26T09:50:17Z iter-3 activated — fixing §6 countback back-9 ladder for 18-hole sets
2026-06-26T10:25:00Z iter-3 countback fix + §31 test complete — 658/0/3; updating IMPLEMENTER_REPORT
2026-06-26T10:45:00Z done, awaiting review
