[t=9.38] === LoopV2SmokeBot started: scenario='hole18_course_cleared' ===
[t=9.38] === Hole 18 Course Cleared ===
[t=9.38] NavigateToHome: waiting for app startup sequence…
[t=9.38]   NavigateToHome: on Splash after 0.0s — clicking StartButton
[t=9.88] Click: 'StartButton'
[t=9.89]   → clicked StartButton
[t=12.40]   NavigateToHome: reached Home after 3.0s
[t=13.40] Click: 'PLAY'
[t=13.40]   → clicked PlayButton
[t=14.90] WaitForModalVisible: MatchMakingModal (timeout=15s)
[t=14.91]   WaitForModalVisible OK: 'MatchMakingModal' visible after 0.0s
[t=14.91] WaitFor: matchmaking opponent found (timeout=30s)
[t=18.69]   WaitFor OK: matchmaking opponent found after 3.8s
[t=19.19] WaitForSceneLoaded: LabScaffold (timeout=40s)
[t=20.41]   WaitForSceneLoaded OK: 'LabScaffold' loaded after 1.0s
[t=20.41] WaitForSceneLoaded: Hole_01_Geo (timeout=40s)
[t=20.92]   WaitForSceneLoaded OK: 'Hole_01_Geo' loaded after 0.5s
[t=23.93]   Hole18CourseCleared: setting CurrentHoleNumber = 18
[t=24.14] Capture: s01_gameplay_armed_h18 → /Users/cesar/Documents/GolfinRedux/tasks/loop_v2_smoke_bot/hole18_course_cleared/screenshots/s01_gameplay_armed_h18_2026-05-21_09-57-45.png
[t=24.14] ForceShotComplete: driving terminal=InCup
[t=24.15] ForceShotComplete OK: terminal=InCup
[t=27.39] Capture: s02_result_modal_h18_cleared → /Users/cesar/Documents/GolfinRedux/tasks/loop_v2_smoke_bot/hole18_course_cleared/screenshots/s02_result_modal_h18_cleared_2026-05-21_09-57-48.png
[t=27.39] === Hole 18 Course Cleared: all captures done ===
[t=27.40] === Scenario complete ===
