=== iter-1 kickoff baseline 2026-08-29 ===
HEAD 2b0cd5cb292440c8eefbcb5d060c437b0eb18626 (shot_aim_parity: DONE — approved, folder moved to Completed/)
DIRTY (git status --porcelain --untracked-files=all at kickoff, BEFORE any edit by this task):
 M "Docs/Game Design/MISSIONS_REDESIGN.md"
 M Docs/Reports/content_art.txt
 M Docs/TellCode.md
 M Docs/Versioning/last_uploaded_build.txt
?? Docs/Specs/Active/missions_v1/
?? Docs/Specs/Active/shot_timing_power/
?? Docs/Specs/Queued/flick_vector_aim_DESIGN_NOTE.md
NOTE: zero Assets/ paths were dirty at kickoff. Every Assets/ change in the final
porcelain is therefore attributable to this task, and all eight are listed in the
report's "Files modified or created" table.
=== end baseline ===

[iter-1] Read SPEC + ShotController/ShotConeView/ConeBandPalette/ConeMeshGraphic/ControlsConfig(+Loader)/controls.csv/ShotInputState.
[iter-1] Confirmed the premise: CommitFlick reads PowerNormalized + _degradationYawRad only; _arrowProgress is never consumed by the shot.
[iter-1] Confirmed _config is ControlsConfig.Default in production (InjectConfig has zero non-test call sites) — palette reading ControlsConfig.Default is consistent with what ShotController uses.
[iter-1] Config: 4 keys added to ControlsConfig + loader cases + controls.csv rows. CSV round-trip verified via ControlsConfigLoader.Load().
[iter-1] ConeBandPalette gold/green → getters over config; ConeMeshGraphic OnEnable re-sync added.
[iter-1] ShotController: _timingAtLatch sampled at the latch, cleared on unlatch + ResetSwingSamples; TimingPowerMultiplier(); applied after the overpower clamp; log line extended; two public getters.
[iter-1] ShotInputState.TimingPowerMul (defaulted param — one existing construction site) + one HUD string branch in UpdateHUD.
[iter-1] New suite ShotTimingPowerTests (8 tests) written.
[iter-1] Compile verified via script-execute reflection: all new members present, test class discovered with 8 [Test] methods.
[iter-1] EditMode full run (no filter): 1977 total / 1974 passed / 0 failed / 3 pre-existing skips.
[iter-1] Tripwire A (palette assert flipped to 0.123) → run reported ShotTimingPowerTests.ConeBandPalette_MatchesConfig FAILED. Suite proven to execute.
[iter-1] Tripwire B (commented out `flickMag *= timingMul`) → LatchOnRedBase_RedMultiplier FAILED: expected 65.637 got 93.768. Multiplier proven to reach the resolved velocity.
[iter-1] Both tripwires reverted; final EditMode run green (1974 passed / 0 failed).
[iter-1] Serialized band audit: all 5 scenes carrying ConeMeshGraphic already hold 0.45/0.85 — no drift, OnEnable re-sync is a no-op today (guarded, does not dirty).
[iter-1] Font audit: PowerHUD uses Rubik-SemiBold SDF (Dynamic); source font file carries U+00D7 — the "×" cannot render as tofu. Queried the SOURCE Font only; never baked into the SDF atlas (no asset churn).
[iter-1] Editor left clean: probe scenes closed additively, only ShellScene open, not dirty, no scene/prefab paths in porcelain.
