pending: 1a|Fairway|3.0|500|1
done:1a|Fairway|3.0|500|1
pending: 1a|Fairway|3.0|500|2
done:1a|Fairway|3.0|500|2
pending: 1a|Fairway|3.0|2700|1
done:1a|Fairway|3.0|2700|1
pending: 1a|Fairway|3.0|2700|2
done:1a|Fairway|3.0|2700|2
pending: 1a|Fairway|6.0|500|1
done:1a|Fairway|6.0|500|1
pending: 1a|Fairway|6.0|500|2
done:1a|Fairway|6.0|500|2
pending: 1a|Fairway|6.0|2700|1
done:1a|Fairway|6.0|2700|1
pending: 1a|Fairway|6.0|2700|2
done:1a|Fairway|6.0|2700|2
pending: 1a|Fairway|9.0|500|1
done:1a|Fairway|9.0|500|1
pending: 1a|Fairway|9.0|500|2
done:1a|Fairway|9.0|500|2
pending: 1a|Fairway|9.0|2700|1
done:1a|Fairway|9.0|2700|1
pending: 1a|Fairway|9.0|2700|2
done:1a|Fairway|9.0|2700|2
pending: 1a|Fairway|12.0|500|1
done:1a|Fairway|12.0|500|1
pending: 1a|Fairway|12.0|500|2
done:1a|Fairway|12.0|500|2
pending: 1a|Fairway|12.0|2700|1
done:1a|Fairway|12.0|2700|1
pending: 1a|Fairway|12.0|2700|2
done:1a|Fairway|12.0|2700|2
pending: 1a|Fairway|15.0|500|1
done:1a|Fairway|15.0|500|1
pending: 1a|Fairway|15.0|500|2
done:1a|Fairway|15.0|500|2
pending: 1a|Fairway|15.0|2700|1
done:1a|Fairway|15.0|2700|1
pending: 1a|Fairway|15.0|2700|2
done:1a|Fairway|15.0|2700|2
pending: 1a|Fairway|20.0|500|1
done:1a|Fairway|20.0|500|1
pending: 1a|Fairway|20.0|500|2
done:1a|Fairway|20.0|500|2
pending: 1a|Fairway|20.0|2700|1
done:1a|Fairway|20.0|2700|1
pending: 1a|Fairway|20.0|2700|2
done:1a|Fairway|20.0|2700|2
pending: 1a|Fairway|25.0|500|1
done:1a|Fairway|25.0|500|1
pending: 1a|Fairway|25.0|500|2
done:1a|Fairway|25.0|500|2
pending: 1a|Fairway|25.0|2700|1
done:1a|Fairway|25.0|2700|1
pending: 1a|Fairway|25.0|2700|2
done:1a|Fairway|25.0|2700|2
pending: 1a|Green|3.0|500|1
done:1a|Green|3.0|500|1
pending: 1a|Green|3.0|500|2
done:1a|Green|3.0|500|2
pending: 1a|Green|3.0|2700|1
done:1a|Green|3.0|2700|1
pending: 1a|Green|3.0|2700|2
done:1a|Green|3.0|2700|2
pending: 1a|Green|6.0|500|1
done:1a|Green|6.0|500|1
pending: 1a|Green|6.0|500|2
done:1a|Green|6.0|500|2
pending: 1a|Green|6.0|2700|1
done:1a|Green|6.0|2700|1
pending: 1a|Green|6.0|2700|2
done:1a|Green|6.0|2700|2
pending: 1a|Green|9.0|500|1
done:1a|Green|9.0|500|1
pending: 1a|Green|9.0|500|2
done:1a|Green|9.0|500|2
pending: 1a|Green|9.0|2700|1
done:1a|Green|9.0|2700|1
pending: 1a|Green|9.0|2700|2
done:1a|Green|9.0|2700|2
pending: 1a|Green|12.0|500|1
done:1a|Green|12.0|500|1
pending: 1a|Green|12.0|500|2
done:1a|Green|12.0|500|2
pending: 1a|Green|12.0|2700|1
done:1a|Green|12.0|2700|1
pending: 1a|Green|12.0|2700|2
done:1a|Green|12.0|2700|2
pending: 1a|Green|15.0|500|1
done:1a|Green|15.0|500|1
pending: 1a|Green|15.0|500|2
done:1a|Green|15.0|500|2
pending: 1a|Green|15.0|2700|1
done:1a|Green|15.0|2700|1
pending: 1a|Green|15.0|2700|2
done:1a|Green|15.0|2700|2
pending: 1a|Green|20.0|500|1
done:1a|Green|20.0|500|1
pending: 1a|Green|20.0|500|2
done:1a|Green|20.0|500|2
pending: 1a|Green|20.0|2700|1
done:1a|Green|20.0|2700|1
pending: 1a|Green|20.0|2700|2
done:1a|Green|20.0|2700|2
pending: 1a|Green|25.0|500|1
done:1a|Green|25.0|500|1
pending: 1a|Green|25.0|500|2
done:1a|Green|25.0|500|2
pending: 1a|Green|25.0|2700|1
done:1a|Green|25.0|2700|1
pending: 1a|Green|25.0|2700|2
done:1a|Green|25.0|2700|2
pending: 1a|Tee|3.0|500|1
done:1a|Tee|3.0|500|1
pending: 1a|Tee|3.0|500|2
done:1a|Tee|3.0|500|2
pending: 1a|Tee|3.0|2700|1
done:1a|Tee|3.0|2700|1
pending: 1a|Tee|3.0|2700|2
done:1a|Tee|3.0|2700|2
pending: 1a|Tee|6.0|500|1
done:1a|Tee|6.0|500|1
pending: 1a|Tee|6.0|500|2
done:1a|Tee|6.0|500|2
pending: 1a|Tee|6.0|2700|1
done:1a|Tee|6.0|2700|1
pending: 1a|Tee|6.0|2700|2
done:1a|Tee|6.0|2700|2
pending: 1a|Tee|9.0|500|1
done:1a|Tee|9.0|500|1
pending: 1a|Tee|9.0|500|2
done:1a|Tee|9.0|500|2
pending: 1a|Tee|9.0|2700|1
done:1a|Tee|9.0|2700|1
pending: 1a|Tee|9.0|2700|2
done:1a|Tee|9.0|2700|2
pending: 1a|Tee|12.0|500|1
done:1a|Tee|12.0|500|1
pending: 1a|Tee|12.0|500|2
done:1a|Tee|12.0|500|2
pending: 1a|Tee|12.0|2700|1
done:1a|Tee|12.0|2700|1
pending: 1a|Tee|12.0|2700|2
done:1a|Tee|12.0|2700|2
pending: 1a|Tee|15.0|500|1
done:1a|Tee|15.0|500|1
pending: 1a|Tee|15.0|500|2
done:1a|Tee|15.0|500|2
pending: 1a|Tee|15.0|2700|1
done:1a|Tee|15.0|2700|1
pending: 1a|Tee|15.0|2700|2
done:1a|Tee|15.0|2700|2
pending: 1a|Tee|20.0|500|1
done:1a|Tee|20.0|500|1
pending: 1a|Tee|20.0|500|2
done:1a|Tee|20.0|500|2
pending: 1a|Tee|20.0|2700|1
done:1a|Tee|20.0|2700|1
pending: 1a|Tee|20.0|2700|2
done:1a|Tee|20.0|2700|2
pending: 1a|Tee|25.0|500|1
done:1a|Tee|25.0|500|1
pending: 1a|Tee|25.0|500|2
done:1a|Tee|25.0|500|2
pending: 1a|Tee|25.0|2700|1
done:1a|Tee|25.0|2700|1
pending: 1a|Tee|25.0|2700|2
done:1a|Tee|25.0|2700|2
pending: 1a|Sand|3.0|500|1
done:1a|Sand|3.0|500|1
pending: 1a|Sand|3.0|500|2
done:1a|Sand|3.0|500|2
pending: 1a|Sand|3.0|2700|1
done:1a|Sand|3.0|2700|1
pending: 1a|Sand|3.0|2700|2
done:1a|Sand|3.0|2700|2
pending: 1a|Sand|6.0|500|1
done:1a|Sand|6.0|500|1
pending: 1a|Sand|6.0|500|2
done:1a|Sand|6.0|500|2
pending: 1a|Sand|6.0|2700|1
done:1a|Sand|6.0|2700|1
pending: 1a|Sand|6.0|2700|2
done:1a|Sand|6.0|2700|2
pending: 1a|Sand|9.0|500|1
done:1a|Sand|9.0|500|1
pending: 1a|Sand|9.0|500|2
done:1a|Sand|9.0|500|2
pending: 1a|Sand|9.0|2700|1
done:1a|Sand|9.0|2700|1
pending: 1a|Sand|9.0|2700|2
done:1a|Sand|9.0|2700|2
pending: 1a|Sand|12.0|500|1
done:1a|Sand|12.0|500|1
pending: 1a|Sand|12.0|500|2
done:1a|Sand|12.0|500|2
pending: 1a|Sand|12.0|2700|1
done:1a|Sand|12.0|2700|1
pending: 1a|Sand|12.0|2700|2
done:1a|Sand|12.0|2700|2
pending: 1a|Sand|15.0|500|1
done:1a|Sand|15.0|500|1
pending: 1a|Sand|15.0|500|2
done:1a|Sand|15.0|500|2
pending: 1a|Sand|15.0|2700|1
done:1a|Sand|15.0|2700|1
pending: 1a|Sand|15.0|2700|2
done:1a|Sand|15.0|2700|2
pending: 1a|Sand|20.0|500|1
done:1a|Sand|20.0|500|1
pending: 1a|Sand|20.0|500|2
done:1a|Sand|20.0|500|2
pending: 1a|Sand|20.0|2700|1
done:1a|Sand|20.0|2700|1
pending: 1a|Sand|20.0|2700|2
done:1a|Sand|20.0|2700|2
pending: 1a|Sand|25.0|500|1
done:1a|Sand|25.0|500|1
pending: 1a|Sand|25.0|500|2
done:1a|Sand|25.0|500|2
pending: 1a|Sand|25.0|2700|1
done:1a|Sand|25.0|2700|1
pending: 1a|Sand|25.0|2700|2
done:1a|Sand|25.0|2700|2
pending: 1a|CartPath|3.0|500|1
done:1a|CartPath|3.0|500|1
pending: 1a|CartPath|3.0|500|2
done:1a|CartPath|3.0|500|2
pending: 1a|CartPath|3.0|2700|1
done:1a|CartPath|3.0|2700|1
pending: 1a|CartPath|3.0|2700|2
done:1a|CartPath|3.0|2700|2
pending: 1a|CartPath|6.0|500|1
done:1a|CartPath|6.0|500|1
pending: 1a|CartPath|6.0|500|2
done:1a|CartPath|6.0|500|2
pending: 1a|CartPath|6.0|2700|1
done:1a|CartPath|6.0|2700|1
pending: 1a|CartPath|6.0|2700|2
done:1a|CartPath|6.0|2700|2
pending: 1a|CartPath|9.0|500|1
done:1a|CartPath|9.0|500|1
pending: 1a|CartPath|9.0|500|2
done:1a|CartPath|9.0|500|2
pending: 1a|CartPath|9.0|2700|1
done:1a|CartPath|9.0|2700|1
pending: 1a|CartPath|9.0|2700|2
done:1a|CartPath|9.0|2700|2
pending: 1a|CartPath|12.0|500|1
done:1a|CartPath|12.0|500|1
pending: 1a|CartPath|12.0|500|2
done:1a|CartPath|12.0|500|2
pending: 1a|CartPath|12.0|2700|1
done:1a|CartPath|12.0|2700|1
pending: 1a|CartPath|12.0|2700|2
done:1a|CartPath|12.0|2700|2
pending: 1a|CartPath|15.0|500|1
done:1a|CartPath|15.0|500|1
pending: 1a|CartPath|15.0|500|2
done:1a|CartPath|15.0|500|2
pending: 1a|CartPath|15.0|2700|1
done:1a|CartPath|15.0|2700|1
pending: 1a|CartPath|15.0|2700|2
done:1a|CartPath|15.0|2700|2
pending: 1a|CartPath|20.0|500|1
done:1a|CartPath|20.0|500|1
pending: 1a|CartPath|20.0|500|2
done:1a|CartPath|20.0|500|2
pending: 1a|CartPath|20.0|2700|1
done:1a|CartPath|20.0|2700|1
pending: 1a|CartPath|20.0|2700|2
done:1a|CartPath|20.0|2700|2
pending: 1a|CartPath|25.0|500|1
done:1a|CartPath|25.0|500|1
pending: 1a|CartPath|25.0|500|2
done:1a|CartPath|25.0|500|2
pending: 1a|CartPath|25.0|2700|1
done:1a|CartPath|25.0|2700|1
pending: 1a|CartPath|25.0|2700|2
done:1a|CartPath|25.0|2700|2
pending: 1b|Green|0.50|1
done:1b|Green|0.50|1
pending: 1b|Green|0.50|2
done:1b|Green|0.50|2
pending: 1b|Green|0.50|3
done:1b|Green|0.50|3
pending: 1b|Green|1.00|1
done:1b|Green|1.00|1
pending: 1b|Green|1.00|2
done:1b|Green|1.00|2
pending: 1b|Green|1.00|3
done:1b|Green|1.00|3
pending: 1b|Green|1.83|1
done:1b|Green|1.83|1
pending: 1b|Green|1.83|2
done:1b|Green|1.83|2
pending: 1b|Green|1.83|3
done:1b|Green|1.83|3
pending: 1b|Green|2.50|1
done:1b|Green|2.50|1
pending: 1b|Green|2.50|2
done:1b|Green|2.50|2
pending: 1b|Green|2.50|3
done:1b|Green|2.50|3
pending: 1b|Green|3.50|1
done:1b|Green|3.50|1
pending: 1b|Green|3.50|2
done:1b|Green|3.50|2
pending: 1b|Green|3.50|3
done:1b|Green|3.50|3
pending: 1b|Green|5.00|1
done:1b|Green|5.00|1
pending: 1b|Green|5.00|2
done:1b|Green|5.00|2
pending: 1b|Green|5.00|3
done:1b|Green|5.00|3
pending: 1b|Green|7.00|1
done:1b|Green|7.00|1
pending: 1b|Green|7.00|2
done:1b|Green|7.00|2
pending: 1b|Green|7.00|3
done:1b|Green|7.00|3
pending: 1b|Fairway|0.50|1
done:1b|Fairway|0.50|1
pending: 1b|Fairway|0.50|2
done:1b|Fairway|0.50|2
pending: 1b|Fairway|0.50|3
done:1b|Fairway|0.50|3
pending: 1b|Fairway|1.00|1
done:1b|Fairway|1.00|1
pending: 1b|Fairway|1.00|2
done:1b|Fairway|1.00|2
pending: 1b|Fairway|1.00|3
done:1b|Fairway|1.00|3
pending: 1b|Fairway|1.83|1
done:1b|Fairway|1.83|1
pending: 1b|Fairway|1.83|2
done:1b|Fairway|1.83|2
pending: 1b|Fairway|1.83|3
done:1b|Fairway|1.83|3
pending: 1b|Fairway|2.50|1
done:1b|Fairway|2.50|1
pending: 1b|Fairway|2.50|2
done:1b|Fairway|2.50|2
pending: 1b|Fairway|2.50|3
done:1b|Fairway|2.50|3
pending: 1b|Fairway|3.50|1
done:1b|Fairway|3.50|1
pending: 1b|Fairway|3.50|2
done:1b|Fairway|3.50|2
pending: 1b|Fairway|3.50|3
done:1b|Fairway|3.50|3
pending: 1b|Fairway|5.00|1
done:1b|Fairway|5.00|1
pending: 1b|Fairway|5.00|2
done:1b|Fairway|5.00|2
pending: 1b|Fairway|5.00|3
done:1b|Fairway|5.00|3
pending: 1b|Fairway|7.00|1
done:1b|Fairway|7.00|1
pending: 1b|Fairway|7.00|2
done:1b|Fairway|7.00|2
pending: 1b|Fairway|7.00|3
done:1b|Fairway|7.00|3
pending: 2|1|straight
done:2|1|straight
pending: 2|1|draw3deg
done:2|1|draw3deg
pending: 2|9|straight
done:2|9|straight
pending: 2|9|draw3deg
done:2|9|draw3deg
pending: 2|18|straight
done:2|18|straight
pending: 2|18|draw3deg
done:2|18|draw3deg
