[t=9.47] === LoopV2SmokeBot started: scenario='hole1_menu' ===
[t=9.47] === Hole 1 Menu ===
[t=9.47] NavigateToHome: waiting for app startup sequence…
[t=9.47]   NavigateToHome: on Splash after 0.0s — clicking StartButton
[t=9.97] Click: 'StartButton'
[t=9.98]   → clicked StartButton
[t=12.48]   NavigateToHome: reached Home after 3.0s
[t=13.64] Capture: s01_home → /Users/cesar/Documents/GolfinRedux/tasks/loop_v2_smoke_bot/hole1_menu/screenshots/s01_home_2026-05-21_09-55-16.png
[t=13.64] Click: 'PLAY'
[t=13.65]   → clicked PlayButton
[t=15.15] WaitForModalVisible: MatchMakingModal (timeout=15s)
[t=15.15]   WaitForModalVisible OK: 'MatchMakingModal' visible after 0.0s
[t=15.30] Capture: s02_matchmaking_searching → /Users/cesar/Documents/GolfinRedux/tasks/loop_v2_smoke_bot/hole1_menu/screenshots/s02_matchmaking_searching_2026-05-21_09-55-17.png
[t=15.30] WaitFor: matchmaking opponent found (timeout=30s)
[t=18.82]   WaitFor OK: matchmaking opponent found after 3.5s
[t=19.47] Capture: s03_opponent_found → /Users/cesar/Documents/GolfinRedux/tasks/loop_v2_smoke_bot/hole1_menu/screenshots/s03_opponent_found_2026-05-21_09-55-22.png
[t=19.47] WaitForSceneLoaded: LabScaffold (timeout=40s)
[t=20.47]   WaitForSceneLoaded OK: 'LabScaffold' loaded after 0.5s
[t=20.47] WaitForSceneLoaded: Hole_01_Geo (timeout=40s)
[t=20.99]   WaitForSceneLoaded OK: 'Hole_01_Geo' loaded after 0.5s
[t=24.22] Capture: s04_gameplay_armed → /Users/cesar/Documents/GolfinRedux/tasks/loop_v2_smoke_bot/hole1_menu/screenshots/s04_gameplay_armed_2026-05-21_09-55-26.png
[t=24.22] ForceShotComplete: driving terminal=InCup
[t=24.23] ForceShotComplete OK: terminal=InCup
[t=27.46] Capture: s05_result_modal → /Users/cesar/Documents/GolfinRedux/tasks/loop_v2_smoke_bot/hole1_menu/screenshots/s05_result_modal_2026-05-21_09-55-30.png
[t=27.46] Click: 'MenuButton'
[t=27.46]   → clicked MenuButton
[t=29.46] WaitForScreen: Home (timeout=15s)
[t=29.46]   WaitForScreen OK: on 'Home' after 0.0s
[t=30.62] Capture: s06_home_returned_from_menu → /Users/cesar/Documents/GolfinRedux/tasks/loop_v2_smoke_bot/hole1_menu/screenshots/s06_home_returned_from_menu_2026-05-21_09-55-33.png
[t=30.62] === Hole 1 Menu: all captures done ===
[t=30.62] === Scenario complete ===
