=== iter-1 kickoff baseline 2026-08-30T03:40:47Z ===
HEAD: 66ba8de7e770a7d84e881d60128a9c5bead49f91
DIRTY (git status --porcelain --untracked-files=all) at kickoff:
 M Docs/TellCode.md
?? Assets/Art/HomeScreen/Flame.svg
?? Assets/Art/HomeScreen/flame.png
?? Docs/Specs/Active/daily_mission_home_pill/
=== notes ===
Docs/TellCode.md was ALREADY modified at kickoff (pre-existing, not introduced by this task).
Flame.svg + flame.png were added by Cesar on 2026-08-30 as the task's art drop.

=== iter-1 complete 2026-08-30T04:28:22Z ===
Stills pass, video pass and invariant pass all green. texts catalog published v17, --check clean.
Editor left in edit mode on ShellScene, not dirty.

=== iter-2 complete 2026-08-30T04:57:53Z ===
Cesar's three follow-ups: pill hugs its content (549/481, both sprites 9-sliced),
streak badge into the title row of both card states, pill tap expands the daily on arrival.
Gate 15 assertions / 0 FAIL. EditMode 1939/0/3. Editor left clean, ShellScene not dirty.

=== DONE 2026-08-30T05:07:20Z ===
Cesar approved. Deliverables copied to Docs/Reports/Media/. Folder moving to Docs/Specs/Completed/.

=== iter-3 2026-08-30T05:58:13Z ===
Slide is now an announcement, not a transition (AnnouncedForDate, keyed on the UTC date).
Gate 18 assertions / 0 FAIL. Alloc assertion rewritten as a Shown-vs-Hidden delta.
Harness TaskDir repointed Active/ -> Completed/ after the close-out move.
