=== gacha_history stage0 kickoff baseline ===
HEAD: da3c2e3c9 docs(gacha_screen): DONE — move to Completed/ [Cesar-approved]
DIRTY:
 M Docs/Scripts/DAILY_REPORT_SETUP.md
 M Docs/Scripts/com.golfin.dailyreport.plist
 M Packages/manifest.json
 M Packages/packages-lock.json
?? Docs/Specs/Active/gacha_history/ARCHITECT_REVIEW.md
?? Docs/Specs/Active/gacha_history/FORK_DECISIONS.md
?? Docs/Specs/Active/gacha_history/HEARTBEAT.log
?? Docs/Specs/Active/gacha_history/IMPLEMENTER_REPORT.md
?? Docs/Specs/Active/gacha_history/SELF_REVIEW.md
?? Docs/Specs/Active/gacha_history/STATUS.md
?? Docs/Specs/Active/gacha_history/reference/
===
2026-07-13T00:00:00 activated — Stage 0 kickoff
2026-07-13T23:06:54 building GachaHistoryRow.prefab script
2026-07-13T23:49:31 done, awaiting review — READY_FOR_ARCHITECT_REVIEW (MainPanel transparent FAIL)
=== gacha_history stage0 iter-2 kickoff baseline ===
HEAD: da3c2e3c9
DIRTY:
 M Docs/Scripts/DAILY_REPORT_SETUP.md
 M Docs/Scripts/com.golfin.dailyreport.plist
 M Packages/manifest.json
 M Packages/packages-lock.json
?? Assets/Prefabs/UI/Gacha.meta
?? Assets/Prefabs/UI/Gacha/GachaHistoryRow.prefab
?? Assets/Prefabs/UI/Gacha/GachaHistoryRow.prefab.meta
?? Assets/Prefabs/UI/Gacha/GachaHistoryScreen.prefab
?? Assets/Prefabs/UI/Gacha/GachaHistoryScreen.prefab.meta
?? Docs/Specs/Active/gacha_history/ARCHITECT_REVIEW.md
?? Docs/Specs/Active/gacha_history/FORK_DECISIONS.md
?? Docs/Specs/Active/gacha_history/HEARTBEAT.log
?? Docs/Specs/Active/gacha_history/IMPLEMENTER_REPORT.md
?? Docs/Specs/Active/gacha_history/SELF_REVIEW.md
?? Docs/Specs/Active/gacha_history/STATUS.md
?? Docs/Specs/Active/gacha_history/reference/gacha_history_node_4079-18306.png
?? Docs/Specs/Active/gacha_history/screenshots/figma-reference.png
?? Docs/Specs/Active/gacha_history/screenshots/stage0_canonical.png
?? Docs/Specs/Active/gacha_history/screenshots/stage0_screen_editmode.png
===
2026-07-13T14:53:14 iter-2 activated — fixing 3 defects: navy fill, clock icon, CLOSE button
2026-07-14T01:15:00 done, awaiting review
=== gacha_history stage0 iter-3 kickoff baseline ===
HEAD: da3c2e3c9 docs(gacha_screen): DONE — move to Completed/ [Cesar-approved]
DIRTY:
 M Docs/Scripts/DAILY_REPORT_SETUP.md
 M Docs/Scripts/com.golfin.dailyreport.plist
 M Packages/manifest.json
 M Packages/packages-lock.json
?? "Assets/Art/Shop/History Icon.png"
?? Assets/Art/Shop/S_Store_Ticket_02.png
?? Assets/Prefabs/UI/Gacha.meta
?? Assets/Prefabs/UI/Gacha/
?? Docs/Specs/Active/gacha_history/
===
2026-07-14T00:00:00 iter-3 activated — all 14 Cesar defects + reuse mandate + ball-variant
2026-07-14T00:30:00 step0 complete — node pulled, fonts confirmed; searching gacha WrapPanel sprite
2026-07-14T07:50:00 all sprite GUIDs confirmed; starting GachaHistoryRow.prefab fixes
2026-07-14T08:12:00 GachaHistoryScreen.prefab all 14-defect fixes applied; creating ball row variant
=== gacha_history stage0 iter-3 kickoff baseline ===
HEAD: da3c2e3c9 docs(gacha_screen): DONE — move to Completed/ [Cesar-approved]
DIRTY:
 M .gitignore
 M Docs/Scripts/DAILY_REPORT_SETUP.md
 M Docs/Scripts/com.golfin.dailyreport.plist
 M Docs/Scripts/daily_report.py
 M Packages/manifest.json
 M Packages/packages-lock.json
?? "Assets/Art/Shop/History Icon.png"
?? "Assets/Art/Shop/History Icon.png.meta"
?? Assets/Art/Shop/S_Store_Ticket_02.png
?? Assets/Art/Shop/S_Store_Ticket_02.png.meta
?? Assets/Prefabs/UI/Gacha.meta
?? Assets/Prefabs/UI/Gacha/
?? Docs/Specs/Active/gacha_history/ARCHITECT_REVIEW.md
?? Docs/Specs/Active/gacha_history/CESAR_REJECTION.md
?? Docs/Specs/Active/gacha_history/FORK_DECISIONS.md
?? Docs/Specs/Active/gacha_history/HEARTBEAT.log
?? Docs/Specs/Active/gacha_history/IMPLEMENTER_REPORT.md
?? Docs/Specs/Active/gacha_history/SELF_REVIEW.md
?? Docs/Specs/Active/gacha_history/STATUS.md
?? Docs/Specs/Active/gacha_history/reference/
?? Docs/Specs/Active/gacha_history/screenshots/
===
2026-07-14T07:18:43 iter-3 activated — addressing all 14 Cesar defects + full reuse mandate
2026-07-14T07:50:30 waiting for play mode to boot before screenshot capture
=== iter kickoff baseline ===
