=== iter-1 kickoff baseline 2026-09-04 06:29:20 +0900 ===
HEAD 12b5895e0112bb7beec9c19b7eb9fe51eb4f3f09 (12b5895e0) count=2635
DIRTY (git status --porcelain --untracked-files=all):
 M Docs/GPS/GPS_BACKLOG.md
 M Docs/Reports/content_art.txt
 M Docs/Specs/Active/gps_standalone_shell/SPEC.md
 M Docs/TellCode.md
 M Docs/Versioning/last_uploaded_build.golfingps.txt
?? Assets/Art/Standalone/AppIcon_GolfinGps_1024.png
?? Assets/Art/Standalone/AppIcon_GolfinGps_1024_opaque.png
?? Docs/Specs/Active/gps_profile_prompt_server_flag/HEARTBEAT.log
?? Docs/Specs/Active/gps_profile_prompt_server_flag/SPEC.md
?? Docs/Specs/Active/gps_profile_prompt_server_flag/STATUS.md
=== end baseline ===

07:22 — backend DEPLOYED and verified three ways: flyctl image
       deployment-01M1MNKVRKBW4SGFQTAPC316DD, machines version 68 -> 69, and the LIVE openapi now
       lists golf_profile_prompted on UpdateProfileRequest. End-to-end against the deployed API:
       column cleared -> PUT {display_name, golf_profile_prompted:true} -> 200 and the row stamped
       2026-09-03T22:21:00.729192+00:00; a fresh GET echoes the same value; a follow-up PUT with
       golf_profile_prompted:false leaves it UNCHANGED (the one-way latch).
