[   0.0s] === finished tournament routes 2026-09-14 08:33:51Z ===
[   5.3s] tapping the real StartButton
[   5.6s]   screen = Home (wanted Home)
[   7.2s] tapping the real NavTeeButton.onClick (bottom-nav TEE)
[   7.4s]   screen = ModeSelection (wanted ModeSelection)
[   9.3s] tapping the real Tournaments mode card ActionButton.onClick ('ModeCard(Clone)')
[   9.6s]   screen = TournamentSelection (wanted TournamentSelection)
[  12.6s] 3 cards on TournamentSelection (as found):
[  12.6s]   'kisarazu_cup' state=Ended cta='LEADERBOARD' active=True
[  12.6s]   'lomond_championship' state=Ended cta='LEADERBOARD' active=True
[  12.6s]   'restricted_test_open' state=Ended cta='LEADERBOARD' active=True
[  12.6s] tapping the real CtaSilverButton.onClick ('LEADERBOARD') on 'kisarazu_cup' (Ended)
[  12.9s]   screen = TournamentLeaderboard (wanted TournamentLeaderboard)
[  12.9s]   PASS A1: LEADERBOARD on ended (not entered) 'kisarazu_cup' landed on TournamentLeaderboard (wanted TournamentLeaderboard; SelectedTournamentId=kisarazu_cup)
[  18.9s]   PASS A1s: empty board shimmer after the fetch settled: host active=False (wanted False — a failed or empty fetch ends the wait)
[  19.1s]   still 'A1_leaderboard_from_ended_card': /Users/cesar/Documents/GolfinRedux/Docs/Diagnostics/_capture/A1_leaderboard_from_ended_card_2026-09-14_17-34-10.png md5=529023f3c02df59cf3b22f09656bc203
[  19.1s] empty board: tapping the real empty-state TournamentCloseButton.onClick — rect x[431..739] yTop[1002..1098] (canvas px)
[  19.4s]   screen = TournamentSelection (wanted TournamentSelection)
[  19.4s]   PASS A2: empty board CLOSE (empty-state button) landed on TournamentSelection (wanted TournamentSelection)
[  20.4s] planted an InProgress entry on ended 'kisarazu_cup' (Row 4 → EnteredFinished)
[  20.4s] injected live 'route_verify_live' (2026-09-14 07:34:11Z → 2026-09-15 08:34:11Z) through TournamentService.Apply; Backend sees 4 defs (schedule has 4); backend kind=Remote
[  20.4s]   PASS F2: schedule applied after sign-in: Backend (Remote) sees 4 of 4 defs
[  20.4s] planted an InProgress entry on live 'route_verify_live' (Row 2 → EnteredActive)
[  20.4s] tapping the real NavTeeButton.onClick (bottom-nav TEE)
[  20.7s]   screen = ModeSelection (wanted ModeSelection)
[  22.5s] tapping the real Tournaments mode card ActionButton.onClick ('ModeCard(Clone)')
[  22.8s]   screen = TournamentSelection (wanted TournamentSelection)
[  25.8s] 4 cards on TournamentSelection (after planting):
[  25.8s]   'kisarazu_cup' state=EnteredFinished cta='LEADERBOARD' active=True
[  25.8s]   'lomond_championship' state=Ended cta='LEADERBOARD' active=True
[  25.8s]   'restricted_test_open' state=Ended cta='LEADERBOARD' active=True
[  25.8s]   'route_verify_live' state=EnteredActive cta='CONTINUE' active=True
[  25.8s]   PASS S1: 'kisarazu_cup' after planting: state=EnteredFinished (wanted EnteredFinished)
[  25.8s] tapping the real CtaSilverButton.onClick ('LEADERBOARD') on 'kisarazu_cup' (EnteredFinished)
[  26.1s]   screen = TournamentLeaderboard (wanted TournamentLeaderboard)
[  26.1s]   PASS A3: LEADERBOARD on entered+finished 'kisarazu_cup' landed on TournamentLeaderboard (wanted TournamentLeaderboard; SelectedTournamentId=kisarazu_cup)
[  29.3s]   still 'A3_leaderboard_from_finished_entered_card': /Users/cesar/Documents/GolfinRedux/Docs/Diagnostics/_capture/A3_leaderboard_from_finished_entered_card_2026-09-14_17-34-20.png md5=72e51ad591f1dae82b45382f4edaae48
[  29.3s] result modal is up for the planted entry — tapping its real CLAIM button
[  31.8s] empty board: tapping the real empty-state TournamentCloseButton.onClick — rect x[431..739] yTop[1002..1098] (canvas px)
[  32.1s]   screen = TournamentSelection (wanted TournamentSelection)
[  32.1s]   PASS A4: empty board CLOSE (empty-state button) landed on TournamentSelection (wanted TournamentSelection)
[  33.1s] adversarial: ShowScreen(TournamentHoleSelection) with 'kisarazu_cup' selected — what the stale route did (from TournamentSelection)
[  33.4s]   screen = TournamentHoleSelection (wanted TournamentHoleSelection)
[  34.9s]   PASS B1: hole cards for finished 'kisarazu_cup': next=0 locked=18 finished=0
[  34.9s]   PASS F3: hole selection header for 'kisarazu_cup': sponsor='SPONSORED BY MIZUNO' (wanted 'SPONSORED BY MIZUNO'), name='KISARAZU CUP', first card='Kisarazu Higashi CC - Hole 1 - Par 5'
[  35.1s]   still 'B1_hole_selection_finished_tournament': /Users/cesar/Documents/GolfinRedux/Docs/Diagnostics/_capture/B1_hole_selection_finished_tournament_2026-09-14_17-34-26.png md5=7c3a5e7d3e23918ad7f13cb18fbdcae1
[  36.7s]   PASS B2: BeginTournamentHole('1') on finished 'kisarazu_cup': refusedLog=True stillOnHoleSelection=True GameSession.IsTournament=False
[  36.7s] tapping the real TournamentCloseButton.onClick (wired _closeButton of TournamentHoleSelectionScreenController)
[  37.0s]   screen = TournamentSelection (wanted TournamentSelection)
[  37.0s]   PASS B3: TournamentHoleSelectionScreen CLOSE landed on TournamentSelection (wanted TournamentSelection)
[  38.0s]   PASS C0: 'route_verify_live': state=EnteredActive cta='CONTINUE' (wanted EnteredActive / CONTINUE)
[  38.0s] tapping the real CtaGoldButton.onClick ('CONTINUE') on 'route_verify_live' (EnteredActive)
[  38.3s]   screen = TournamentHoleSelection (wanted TournamentHoleSelection)
[  38.3s]   PASS C1: CONTINUE on live entered 'route_verify_live' landed on TournamentHoleSelection (wanted TournamentHoleSelection; SelectedTournamentId=route_verify_live)
[  42.8s]   PASS C2: hole cards for live 'route_verify_live': next=1 locked=17 finished=0 (wanted next=1)
[  43.0s]   still 'C1_hole_selection_live_tournament': /Users/cesar/Documents/GolfinRedux/Docs/Diagnostics/_capture/C1_hole_selection_live_tournament_2026-09-14_17-34-34.png md5=5d3796d4245239c6dfeb209e754e50bc
[  43.0s] tapping the real TournamentCloseButton.onClick (wired _closeButton of TournamentHoleSelectionScreenController)
[  43.3s]   screen = TournamentSelection (wanted TournamentSelection)
[  43.3s]   PASS C3: TournamentHoleSelectionScreen CLOSE landed on TournamentSelection (wanted TournamentSelection)
[  44.3s]   PASS Z: removed 2/2 planted entries (kisarazu_cup, route_verify_live); backend sees none=True
[  44.3s] === PASS  ===
