pending: 1a|hole1|Fairway|3.0|500|1
done:1a|hole1|Fairway|3.0|500|1
pending: 1a|hole1|Fairway|3.0|500|2
done:1a|hole1|Fairway|3.0|500|2
pending: 1a|hole1|Fairway|3.0|2700|1
done:1a|hole1|Fairway|3.0|2700|1
pending: 1a|hole1|Fairway|3.0|2700|2
done:1a|hole1|Fairway|3.0|2700|2
pending: 1a|hole1|Fairway|6.0|500|1
done:1a|hole1|Fairway|6.0|500|1
pending: 1a|hole1|Fairway|6.0|500|2
done:1a|hole1|Fairway|6.0|500|2
pending: 1a|hole1|Fairway|6.0|2700|1
done:1a|hole1|Fairway|6.0|2700|1
pending: 1a|hole1|Fairway|6.0|2700|2
done:1a|hole1|Fairway|6.0|2700|2
pending: 1a|hole1|Fairway|9.0|500|1
done:1a|hole1|Fairway|9.0|500|1
pending: 1a|hole1|Fairway|9.0|500|2
done:1a|hole1|Fairway|9.0|500|2
pending: 1a|hole1|Fairway|9.0|2700|1
done:1a|hole1|Fairway|9.0|2700|1
pending: 1a|hole1|Fairway|9.0|2700|2
done:1a|hole1|Fairway|9.0|2700|2
pending: 1a|hole1|Fairway|12.0|500|1
done:1a|hole1|Fairway|12.0|500|1
pending: 1a|hole1|Fairway|12.0|500|2
done:1a|hole1|Fairway|12.0|500|2
pending: 1a|hole1|Fairway|12.0|2700|1
done:1a|hole1|Fairway|12.0|2700|1
pending: 1a|hole1|Fairway|12.0|2700|2
done:1a|hole1|Fairway|12.0|2700|2
pending: 1a|hole1|Fairway|15.0|500|1
done:1a|hole1|Fairway|15.0|500|1
pending: 1a|hole1|Fairway|15.0|500|2
done:1a|hole1|Fairway|15.0|500|2
pending: 1a|hole1|Fairway|15.0|2700|1
done:1a|hole1|Fairway|15.0|2700|1
pending: 1a|hole1|Fairway|15.0|2700|2
done:1a|hole1|Fairway|15.0|2700|2
pending: 1a|hole1|Fairway|20.0|500|1
done:1a|hole1|Fairway|20.0|500|1
pending: 1a|hole1|Fairway|20.0|500|2
done:1a|hole1|Fairway|20.0|500|2
pending: 1a|hole1|Fairway|20.0|2700|1
done:1a|hole1|Fairway|20.0|2700|1
pending: 1a|hole1|Fairway|20.0|2700|2
done:1a|hole1|Fairway|20.0|2700|2
pending: 1a|hole1|Fairway|25.0|500|1
done:1a|hole1|Fairway|25.0|500|1
pending: 1a|hole1|Fairway|25.0|500|2
done:1a|hole1|Fairway|25.0|500|2
pending: 1a|hole1|Fairway|25.0|2700|1
done:1a|hole1|Fairway|25.0|2700|1
pending: 1a|hole1|Fairway|25.0|2700|2
done:1a|hole1|Fairway|25.0|2700|2
pending: 1a|hole1|Green|3.0|500|1
done:1a|hole1|Green|3.0|500|1
pending: 1a|hole1|Green|3.0|500|2
done:1a|hole1|Green|3.0|500|2
pending: 1a|hole1|Green|3.0|2700|1
done:1a|hole1|Green|3.0|2700|1
pending: 1a|hole1|Green|3.0|2700|2
done:1a|hole1|Green|3.0|2700|2
pending: 1a|hole1|Green|6.0|500|1
done:1a|hole1|Green|6.0|500|1
pending: 1a|hole1|Green|6.0|500|2
done:1a|hole1|Green|6.0|500|2
pending: 1a|hole1|Green|6.0|2700|1
done:1a|hole1|Green|6.0|2700|1
pending: 1a|hole1|Green|6.0|2700|2
done:1a|hole1|Green|6.0|2700|2
pending: 1a|hole1|Green|9.0|500|1
done:1a|hole1|Green|9.0|500|1
pending: 1a|hole1|Green|9.0|500|2
done:1a|hole1|Green|9.0|500|2
pending: 1a|hole1|Green|9.0|2700|1
done:1a|hole1|Green|9.0|2700|1
pending: 1a|hole1|Green|9.0|2700|2
done:1a|hole1|Green|9.0|2700|2
pending: 1a|hole1|Green|12.0|500|1
done:1a|hole1|Green|12.0|500|1
pending: 1a|hole1|Green|12.0|500|2
done:1a|hole1|Green|12.0|500|2
pending: 1a|hole1|Green|12.0|2700|1
done:1a|hole1|Green|12.0|2700|1
pending: 1a|hole1|Green|12.0|2700|2
done:1a|hole1|Green|12.0|2700|2
pending: 1a|hole1|Green|15.0|500|1
done:1a|hole1|Green|15.0|500|1
pending: 1a|hole1|Green|15.0|500|2
done:1a|hole1|Green|15.0|500|2
pending: 1a|hole1|Green|15.0|2700|1
done:1a|hole1|Green|15.0|2700|1
pending: 1a|hole1|Green|15.0|2700|2
done:1a|hole1|Green|15.0|2700|2
pending: 1a|hole1|Green|20.0|500|1
done:1a|hole1|Green|20.0|500|1
pending: 1a|hole1|Green|20.0|500|2
done:1a|hole1|Green|20.0|500|2
pending: 1a|hole1|Green|20.0|2700|1
done:1a|hole1|Green|20.0|2700|1
pending: 1a|hole1|Green|20.0|2700|2
done:1a|hole1|Green|20.0|2700|2
pending: 1a|hole1|Green|25.0|500|1
done:1a|hole1|Green|25.0|500|1
pending: 1a|hole1|Green|25.0|500|2
done:1a|hole1|Green|25.0|500|2
pending: 1a|hole1|Green|25.0|2700|1
done:1a|hole1|Green|25.0|2700|1
pending: 1a|hole1|Green|25.0|2700|2
done:1a|hole1|Green|25.0|2700|2
pending: 1a|hole1|Tee|3.0|500|1
done:1a|hole1|Tee|3.0|500|1
pending: 1a|hole1|Tee|3.0|500|2
done:1a|hole1|Tee|3.0|500|2
pending: 1a|hole1|Tee|3.0|2700|1
done:1a|hole1|Tee|3.0|2700|1
pending: 1a|hole1|Tee|3.0|2700|2
done:1a|hole1|Tee|3.0|2700|2
pending: 1a|hole1|Tee|6.0|500|1
done:1a|hole1|Tee|6.0|500|1
pending: 1a|hole1|Tee|6.0|500|2
done:1a|hole1|Tee|6.0|500|2
pending: 1a|hole1|Tee|6.0|2700|1
done:1a|hole1|Tee|6.0|2700|1
pending: 1a|hole1|Tee|6.0|2700|2
done:1a|hole1|Tee|6.0|2700|2
pending: 1a|hole1|Tee|9.0|500|1
done:1a|hole1|Tee|9.0|500|1
pending: 1a|hole1|Tee|9.0|500|2
done:1a|hole1|Tee|9.0|500|2
pending: 1a|hole1|Tee|9.0|2700|1
done:1a|hole1|Tee|9.0|2700|1
pending: 1a|hole1|Tee|9.0|2700|2
done:1a|hole1|Tee|9.0|2700|2
pending: 1a|hole1|Tee|12.0|500|1
done:1a|hole1|Tee|12.0|500|1
pending: 1a|hole1|Tee|12.0|500|2
done:1a|hole1|Tee|12.0|500|2
pending: 1a|hole1|Tee|12.0|2700|1
done:1a|hole1|Tee|12.0|2700|1
pending: 1a|hole1|Tee|12.0|2700|2
done:1a|hole1|Tee|12.0|2700|2
pending: 1a|hole1|Tee|15.0|500|1
done:1a|hole1|Tee|15.0|500|1
pending: 1a|hole1|Tee|15.0|500|2
done:1a|hole1|Tee|15.0|500|2
pending: 1a|hole1|Tee|15.0|2700|1
done:1a|hole1|Tee|15.0|2700|1
pending: 1a|hole1|Tee|15.0|2700|2
done:1a|hole1|Tee|15.0|2700|2
pending: 1a|hole1|Tee|20.0|500|1
done:1a|hole1|Tee|20.0|500|1
pending: 1a|hole1|Tee|20.0|500|2
done:1a|hole1|Tee|20.0|500|2
pending: 1a|hole1|Tee|20.0|2700|1
done:1a|hole1|Tee|20.0|2700|1
pending: 1a|hole1|Tee|20.0|2700|2
done:1a|hole1|Tee|20.0|2700|2
pending: 1a|hole1|Tee|25.0|500|1
done:1a|hole1|Tee|25.0|500|1
pending: 1a|hole1|Tee|25.0|500|2
done:1a|hole1|Tee|25.0|500|2
pending: 1a|hole1|Tee|25.0|2700|1
done:1a|hole1|Tee|25.0|2700|1
pending: 1a|hole1|Tee|25.0|2700|2
done:1a|hole1|Tee|25.0|2700|2
pending: 1a|hole1|Sand|3.0|500|1
done:1a|hole1|Sand|3.0|500|1
pending: 1a|hole1|Sand|3.0|500|2
done:1a|hole1|Sand|3.0|500|2
pending: 1a|hole1|Sand|3.0|2700|1
done:1a|hole1|Sand|3.0|2700|1
pending: 1a|hole1|Sand|3.0|2700|2
done:1a|hole1|Sand|3.0|2700|2
pending: 1a|hole1|Sand|6.0|500|1
done:1a|hole1|Sand|6.0|500|1
pending: 1a|hole1|Sand|6.0|500|2
done:1a|hole1|Sand|6.0|500|2
pending: 1a|hole1|Sand|6.0|2700|1
done:1a|hole1|Sand|6.0|2700|1
pending: 1a|hole1|Sand|6.0|2700|2
done:1a|hole1|Sand|6.0|2700|2
pending: 1a|hole1|Sand|9.0|500|1
done:1a|hole1|Sand|9.0|500|1
pending: 1a|hole1|Sand|9.0|500|2
done:1a|hole1|Sand|9.0|500|2
pending: 1a|hole1|Sand|9.0|2700|1
done:1a|hole1|Sand|9.0|2700|1
pending: 1a|hole1|Sand|9.0|2700|2
done:1a|hole1|Sand|9.0|2700|2
pending: 1a|hole1|Sand|12.0|500|1
done:1a|hole1|Sand|12.0|500|1
pending: 1a|hole1|Sand|12.0|500|2
done:1a|hole1|Sand|12.0|500|2
pending: 1a|hole1|Sand|12.0|2700|1
done:1a|hole1|Sand|12.0|2700|1
pending: 1a|hole1|Sand|12.0|2700|2
done:1a|hole1|Sand|12.0|2700|2
pending: 1a|hole1|Sand|15.0|500|1
done:1a|hole1|Sand|15.0|500|1
pending: 1a|hole1|Sand|15.0|500|2
done:1a|hole1|Sand|15.0|500|2
pending: 1a|hole1|Sand|15.0|2700|1
done:1a|hole1|Sand|15.0|2700|1
pending: 1a|hole1|Sand|15.0|2700|2
done:1a|hole1|Sand|15.0|2700|2
pending: 1a|hole1|Sand|20.0|500|1
done:1a|hole1|Sand|20.0|500|1
pending: 1a|hole1|Sand|20.0|500|2
done:1a|hole1|Sand|20.0|500|2
pending: 1a|hole1|Sand|20.0|2700|1
done:1a|hole1|Sand|20.0|2700|1
pending: 1a|hole1|Sand|20.0|2700|2
done:1a|hole1|Sand|20.0|2700|2
pending: 1a|hole1|Sand|25.0|500|1
done:1a|hole1|Sand|25.0|500|1
pending: 1a|hole1|Sand|25.0|500|2
done:1a|hole1|Sand|25.0|500|2
pending: 1a|hole1|Sand|25.0|2700|1
done:1a|hole1|Sand|25.0|2700|1
pending: 1a|hole1|Sand|25.0|2700|2
done:1a|hole1|Sand|25.0|2700|2
pending: 1a|hole1|CartPath|3.0|500|1
done:1a|hole1|CartPath|3.0|500|1
pending: 1a|hole1|CartPath|3.0|500|2
done:1a|hole1|CartPath|3.0|500|2
pending: 1a|hole1|CartPath|3.0|2700|1
done:1a|hole1|CartPath|3.0|2700|1
pending: 1a|hole1|CartPath|3.0|2700|2
done:1a|hole1|CartPath|3.0|2700|2
pending: 1a|hole1|CartPath|6.0|500|1
done:1a|hole1|CartPath|6.0|500|1
pending: 1a|hole1|CartPath|6.0|500|2
done:1a|hole1|CartPath|6.0|500|2
pending: 1a|hole1|CartPath|6.0|2700|1
done:1a|hole1|CartPath|6.0|2700|1
pending: 1a|hole1|CartPath|6.0|2700|2
done:1a|hole1|CartPath|6.0|2700|2
pending: 1a|hole1|CartPath|9.0|500|1
done:1a|hole1|CartPath|9.0|500|1
pending: 1a|hole1|CartPath|9.0|500|2
done:1a|hole1|CartPath|9.0|500|2
pending: 1a|hole1|CartPath|9.0|2700|1
done:1a|hole1|CartPath|9.0|2700|1
pending: 1a|hole1|CartPath|9.0|2700|2
done:1a|hole1|CartPath|9.0|2700|2
pending: 1a|hole1|CartPath|12.0|500|1
done:1a|hole1|CartPath|12.0|500|1
pending: 1a|hole1|CartPath|12.0|500|2
done:1a|hole1|CartPath|12.0|500|2
pending: 1a|hole1|CartPath|12.0|2700|1
done:1a|hole1|CartPath|12.0|2700|1
pending: 1a|hole1|CartPath|12.0|2700|2
done:1a|hole1|CartPath|12.0|2700|2
pending: 1a|hole1|CartPath|15.0|500|1
done:1a|hole1|CartPath|15.0|500|1
pending: 1a|hole1|CartPath|15.0|500|2
done:1a|hole1|CartPath|15.0|500|2
pending: 1a|hole1|CartPath|15.0|2700|1
done:1a|hole1|CartPath|15.0|2700|1
pending: 1a|hole1|CartPath|15.0|2700|2
done:1a|hole1|CartPath|15.0|2700|2
pending: 1a|hole1|CartPath|20.0|500|1
done:1a|hole1|CartPath|20.0|500|1
pending: 1a|hole1|CartPath|20.0|500|2
done:1a|hole1|CartPath|20.0|500|2
pending: 1a|hole1|CartPath|20.0|2700|1
done:1a|hole1|CartPath|20.0|2700|1
pending: 1a|hole1|CartPath|20.0|2700|2
done:1a|hole1|CartPath|20.0|2700|2
pending: 1a|hole1|CartPath|25.0|500|1
done:1a|hole1|CartPath|25.0|500|1
pending: 1a|hole1|CartPath|25.0|500|2
done:1a|hole1|CartPath|25.0|500|2
pending: 1a|hole1|CartPath|25.0|2700|1
done:1a|hole1|CartPath|25.0|2700|1
pending: 1a|hole1|CartPath|25.0|2700|2
done:1a|hole1|CartPath|25.0|2700|2
pending: 1b|hole1|Green|0.50|1
done:1b|hole1|Green|0.50|1
pending: 1b|hole1|Green|0.50|2
done:1b|hole1|Green|0.50|2
pending: 1b|hole1|Green|0.50|3
done:1b|hole1|Green|0.50|3
pending: 1b|hole1|Green|1.00|1
done:1b|hole1|Green|1.00|1
pending: 1b|hole1|Green|1.00|2
done:1b|hole1|Green|1.00|2
pending: 1b|hole1|Green|1.00|3
done:1b|hole1|Green|1.00|3
pending: 1b|hole1|Green|1.83|1
done:1b|hole1|Green|1.83|1
pending: 1b|hole1|Green|1.83|2
done:1b|hole1|Green|1.83|2
pending: 1b|hole1|Green|1.83|3
done:1b|hole1|Green|1.83|3
pending: 1b|hole1|Green|2.50|1
done:1b|hole1|Green|2.50|1
pending: 1b|hole1|Green|2.50|2
done:1b|hole1|Green|2.50|2
pending: 1b|hole1|Green|2.50|3
done:1b|hole1|Green|2.50|3
pending: 1b|hole1|Green|3.50|1
done:1b|hole1|Green|3.50|1
pending: 1b|hole1|Green|3.50|2
done:1b|hole1|Green|3.50|2
pending: 1b|hole1|Green|3.50|3
done:1b|hole1|Green|3.50|3
pending: 1b|hole1|Green|5.00|1
done:1b|hole1|Green|5.00|1
pending: 1b|hole1|Green|5.00|2
done:1b|hole1|Green|5.00|2
pending: 1b|hole1|Green|5.00|3
done:1b|hole1|Green|5.00|3
pending: 1b|hole1|Green|7.00|1
done:1b|hole1|Green|7.00|1
pending: 1b|hole1|Green|7.00|2
done:1b|hole1|Green|7.00|2
pending: 1b|hole1|Green|7.00|3
done:1b|hole1|Green|7.00|3
pending: 1b|hole1|Fairway|0.50|1
done:1b|hole1|Fairway|0.50|1
pending: 1b|hole1|Fairway|0.50|2
done:1b|hole1|Fairway|0.50|2
pending: 1b|hole1|Fairway|0.50|3
done:1b|hole1|Fairway|0.50|3
pending: 1b|hole1|Fairway|1.00|1
done:1b|hole1|Fairway|1.00|1
pending: 1b|hole1|Fairway|1.00|2
done:1b|hole1|Fairway|1.00|2
pending: 1b|hole1|Fairway|1.00|3
done:1b|hole1|Fairway|1.00|3
pending: 1b|hole1|Fairway|1.83|1
done:1b|hole1|Fairway|1.83|1
pending: 1b|hole1|Fairway|1.83|2
done:1b|hole1|Fairway|1.83|2
pending: 1b|hole1|Fairway|1.83|3
done:1b|hole1|Fairway|1.83|3
pending: 1b|hole1|Fairway|2.50|1
done:1b|hole1|Fairway|2.50|1
pending: 1b|hole1|Fairway|2.50|2
done:1b|hole1|Fairway|2.50|2
pending: 1b|hole1|Fairway|2.50|3
done:1b|hole1|Fairway|2.50|3
pending: 1b|hole1|Fairway|3.50|1
done:1b|hole1|Fairway|3.50|1
pending: 1b|hole1|Fairway|3.50|2
done:1b|hole1|Fairway|3.50|2
pending: 1b|hole1|Fairway|3.50|3
done:1b|hole1|Fairway|3.50|3
pending: 1b|hole1|Fairway|5.00|1
done:1b|hole1|Fairway|5.00|1
pending: 1b|hole1|Fairway|5.00|2
done:1b|hole1|Fairway|5.00|2
pending: 1b|hole1|Fairway|5.00|3
done:1b|hole1|Fairway|5.00|3
pending: 1b|hole1|Fairway|7.00|1
done:1b|hole1|Fairway|7.00|1
pending: 1b|hole1|Fairway|7.00|2
done:1b|hole1|Fairway|7.00|2
pending: 1b|hole1|Fairway|7.00|3
done:1b|hole1|Fairway|7.00|3
pending: 1a|hole9|Fairway|3.0|500|1
done:1a|hole9|Fairway|3.0|500|1
pending: 1a|hole9|Fairway|3.0|500|2
done:1a|hole9|Fairway|3.0|500|2
pending: 1a|hole9|Fairway|3.0|2700|1
done:1a|hole9|Fairway|3.0|2700|1
pending: 1a|hole9|Fairway|3.0|2700|2
done:1a|hole9|Fairway|3.0|2700|2
pending: 1a|hole9|Fairway|6.0|500|1
done:1a|hole9|Fairway|6.0|500|1
pending: 1a|hole9|Fairway|6.0|500|2
done:1a|hole9|Fairway|6.0|500|2
pending: 1a|hole9|Fairway|6.0|2700|1
done:1a|hole9|Fairway|6.0|2700|1
pending: 1a|hole9|Fairway|6.0|2700|2
done:1a|hole9|Fairway|6.0|2700|2
pending: 1a|hole9|Fairway|9.0|500|1
done:1a|hole9|Fairway|9.0|500|1
pending: 1a|hole9|Fairway|9.0|500|2
done:1a|hole9|Fairway|9.0|500|2
pending: 1a|hole9|Fairway|9.0|2700|1
done:1a|hole9|Fairway|9.0|2700|1
pending: 1a|hole9|Fairway|9.0|2700|2
done:1a|hole9|Fairway|9.0|2700|2
pending: 1a|hole9|Fairway|12.0|500|1
done:1a|hole9|Fairway|12.0|500|1
pending: 1a|hole9|Fairway|12.0|500|2
done:1a|hole9|Fairway|12.0|500|2
pending: 1a|hole9|Fairway|12.0|2700|1
done:1a|hole9|Fairway|12.0|2700|1
pending: 1a|hole9|Fairway|12.0|2700|2
done:1a|hole9|Fairway|12.0|2700|2
pending: 1a|hole9|Fairway|15.0|500|1
done:1a|hole9|Fairway|15.0|500|1
pending: 1a|hole9|Fairway|15.0|500|2
done:1a|hole9|Fairway|15.0|500|2
pending: 1a|hole9|Fairway|15.0|2700|1
done:1a|hole9|Fairway|15.0|2700|1
pending: 1a|hole9|Fairway|15.0|2700|2
done:1a|hole9|Fairway|15.0|2700|2
pending: 1a|hole9|Fairway|20.0|500|1
done:1a|hole9|Fairway|20.0|500|1
pending: 1a|hole9|Fairway|20.0|500|2
done:1a|hole9|Fairway|20.0|500|2
pending: 1a|hole9|Fairway|20.0|2700|1
done:1a|hole9|Fairway|20.0|2700|1
pending: 1a|hole9|Fairway|20.0|2700|2
done:1a|hole9|Fairway|20.0|2700|2
pending: 1a|hole9|Fairway|25.0|500|1
done:1a|hole9|Fairway|25.0|500|1
pending: 1a|hole9|Fairway|25.0|500|2
done:1a|hole9|Fairway|25.0|500|2
pending: 1a|hole9|Fairway|25.0|2700|1
done:1a|hole9|Fairway|25.0|2700|1
pending: 1a|hole9|Fairway|25.0|2700|2
done:1a|hole9|Fairway|25.0|2700|2
pending: 1a|hole9|Green|3.0|500|1
done:1a|hole9|Green|3.0|500|1
pending: 1a|hole9|Green|3.0|500|2
done:1a|hole9|Green|3.0|500|2
pending: 1a|hole9|Green|3.0|2700|1
done:1a|hole9|Green|3.0|2700|1
pending: 1a|hole9|Green|3.0|2700|2
done:1a|hole9|Green|3.0|2700|2
pending: 1a|hole9|Green|6.0|500|1
done:1a|hole9|Green|6.0|500|1
pending: 1a|hole9|Green|6.0|500|2
done:1a|hole9|Green|6.0|500|2
pending: 1a|hole9|Green|6.0|2700|1
done:1a|hole9|Green|6.0|2700|1
pending: 1a|hole9|Green|6.0|2700|2
done:1a|hole9|Green|6.0|2700|2
pending: 1a|hole9|Green|9.0|500|1
done:1a|hole9|Green|9.0|500|1
pending: 1a|hole9|Green|9.0|500|2
done:1a|hole9|Green|9.0|500|2
pending: 1a|hole9|Green|9.0|2700|1
done:1a|hole9|Green|9.0|2700|1
pending: 1a|hole9|Green|9.0|2700|2
done:1a|hole9|Green|9.0|2700|2
pending: 1a|hole9|Green|12.0|500|1
done:1a|hole9|Green|12.0|500|1
pending: 1a|hole9|Green|12.0|500|2
done:1a|hole9|Green|12.0|500|2
pending: 1a|hole9|Green|12.0|2700|1
done:1a|hole9|Green|12.0|2700|1
pending: 1a|hole9|Green|12.0|2700|2
done:1a|hole9|Green|12.0|2700|2
pending: 1a|hole9|Green|15.0|500|1
done:1a|hole9|Green|15.0|500|1
pending: 1a|hole9|Green|15.0|500|2
done:1a|hole9|Green|15.0|500|2
pending: 1a|hole9|Green|15.0|2700|1
done:1a|hole9|Green|15.0|2700|1
pending: 1a|hole9|Green|15.0|2700|2
done:1a|hole9|Green|15.0|2700|2
pending: 1a|hole9|Green|20.0|500|1
done:1a|hole9|Green|20.0|500|1
pending: 1a|hole9|Green|20.0|500|2
done:1a|hole9|Green|20.0|500|2
pending: 1a|hole9|Green|20.0|2700|1
done:1a|hole9|Green|20.0|2700|1
pending: 1a|hole9|Green|20.0|2700|2
done:1a|hole9|Green|20.0|2700|2
pending: 1a|hole9|Green|25.0|500|1
done:1a|hole9|Green|25.0|500|1
pending: 1a|hole9|Green|25.0|500|2
done:1a|hole9|Green|25.0|500|2
pending: 1a|hole9|Green|25.0|2700|1
done:1a|hole9|Green|25.0|2700|1
pending: 1a|hole9|Green|25.0|2700|2
done:1a|hole9|Green|25.0|2700|2
pending: 1a|hole9|Tee|3.0|500|1
done:1a|hole9|Tee|3.0|500|1
pending: 1a|hole9|Tee|3.0|500|2
done:1a|hole9|Tee|3.0|500|2
pending: 1a|hole9|Tee|3.0|2700|1
done:1a|hole9|Tee|3.0|2700|1
pending: 1a|hole9|Tee|3.0|2700|2
done:1a|hole9|Tee|3.0|2700|2
pending: 1a|hole9|Tee|6.0|500|1
done:1a|hole9|Tee|6.0|500|1
pending: 1a|hole9|Tee|6.0|500|2
done:1a|hole9|Tee|6.0|500|2
pending: 1a|hole9|Tee|6.0|2700|1
done:1a|hole9|Tee|6.0|2700|1
pending: 1a|hole9|Tee|6.0|2700|2
done:1a|hole9|Tee|6.0|2700|2
pending: 1a|hole9|Tee|9.0|500|1
done:1a|hole9|Tee|9.0|500|1
pending: 1a|hole9|Tee|9.0|500|2
done:1a|hole9|Tee|9.0|500|2
pending: 1a|hole9|Tee|9.0|2700|1
done:1a|hole9|Tee|9.0|2700|1
pending: 1a|hole9|Tee|9.0|2700|2
done:1a|hole9|Tee|9.0|2700|2
pending: 1a|hole9|Tee|12.0|500|1
done:1a|hole9|Tee|12.0|500|1
pending: 1a|hole9|Tee|12.0|500|2
done:1a|hole9|Tee|12.0|500|2
pending: 1a|hole9|Tee|12.0|2700|1
done:1a|hole9|Tee|12.0|2700|1
pending: 1a|hole9|Tee|12.0|2700|2
done:1a|hole9|Tee|12.0|2700|2
pending: 1a|hole9|Tee|15.0|500|1
done:1a|hole9|Tee|15.0|500|1
pending: 1a|hole9|Tee|15.0|500|2
done:1a|hole9|Tee|15.0|500|2
pending: 1a|hole9|Tee|15.0|2700|1
done:1a|hole9|Tee|15.0|2700|1
pending: 1a|hole9|Tee|15.0|2700|2
done:1a|hole9|Tee|15.0|2700|2
pending: 1a|hole9|Tee|20.0|500|1
done:1a|hole9|Tee|20.0|500|1
pending: 1a|hole9|Tee|20.0|500|2
done:1a|hole9|Tee|20.0|500|2
pending: 1a|hole9|Tee|20.0|2700|1
done:1a|hole9|Tee|20.0|2700|1
pending: 1a|hole9|Tee|20.0|2700|2
done:1a|hole9|Tee|20.0|2700|2
pending: 1a|hole9|Tee|25.0|500|1
done:1a|hole9|Tee|25.0|500|1
pending: 1a|hole9|Tee|25.0|500|2
done:1a|hole9|Tee|25.0|500|2
pending: 1a|hole9|Tee|25.0|2700|1
done:1a|hole9|Tee|25.0|2700|1
pending: 1a|hole9|Tee|25.0|2700|2
done:1a|hole9|Tee|25.0|2700|2
pending: 1a|hole9|Sand|3.0|500|1
done:1a|hole9|Sand|3.0|500|1
pending: 1a|hole9|Sand|3.0|500|2
done:1a|hole9|Sand|3.0|500|2
pending: 1a|hole9|Sand|3.0|2700|1
done:1a|hole9|Sand|3.0|2700|1
pending: 1a|hole9|Sand|3.0|2700|2
done:1a|hole9|Sand|3.0|2700|2
pending: 1a|hole9|Sand|6.0|500|1
done:1a|hole9|Sand|6.0|500|1
pending: 1a|hole9|Sand|6.0|500|2
done:1a|hole9|Sand|6.0|500|2
pending: 1a|hole9|Sand|6.0|2700|1
done:1a|hole9|Sand|6.0|2700|1
pending: 1a|hole9|Sand|6.0|2700|2
done:1a|hole9|Sand|6.0|2700|2
pending: 1a|hole9|Sand|9.0|500|1
done:1a|hole9|Sand|9.0|500|1
pending: 1a|hole9|Sand|9.0|500|2
done:1a|hole9|Sand|9.0|500|2
pending: 1a|hole9|Sand|9.0|2700|1
done:1a|hole9|Sand|9.0|2700|1
pending: 1a|hole9|Sand|9.0|2700|2
done:1a|hole9|Sand|9.0|2700|2
pending: 1a|hole9|Sand|12.0|500|1
done:1a|hole9|Sand|12.0|500|1
pending: 1a|hole9|Sand|12.0|500|2
done:1a|hole9|Sand|12.0|500|2
pending: 1a|hole9|Sand|12.0|2700|1
done:1a|hole9|Sand|12.0|2700|1
pending: 1a|hole9|Sand|12.0|2700|2
done:1a|hole9|Sand|12.0|2700|2
pending: 1a|hole9|Sand|15.0|500|1
done:1a|hole9|Sand|15.0|500|1
pending: 1a|hole9|Sand|15.0|500|2
done:1a|hole9|Sand|15.0|500|2
pending: 1a|hole9|Sand|15.0|2700|1
done:1a|hole9|Sand|15.0|2700|1
pending: 1a|hole9|Sand|15.0|2700|2
done:1a|hole9|Sand|15.0|2700|2
pending: 1a|hole9|Sand|20.0|500|1
done:1a|hole9|Sand|20.0|500|1
pending: 1a|hole9|Sand|20.0|500|2
done:1a|hole9|Sand|20.0|500|2
pending: 1a|hole9|Sand|20.0|2700|1
done:1a|hole9|Sand|20.0|2700|1
pending: 1a|hole9|Sand|20.0|2700|2
done:1a|hole9|Sand|20.0|2700|2
pending: 1a|hole9|Sand|25.0|500|1
done:1a|hole9|Sand|25.0|500|1
pending: 1a|hole9|Sand|25.0|500|2
done:1a|hole9|Sand|25.0|500|2
pending: 1a|hole9|Sand|25.0|2700|1
done:1a|hole9|Sand|25.0|2700|1
pending: 1a|hole9|Sand|25.0|2700|2
done:1a|hole9|Sand|25.0|2700|2
pending: 1a|hole9|CartPath|3.0|500|1
done:1a|hole9|CartPath|3.0|500|1
pending: 1a|hole9|CartPath|3.0|500|2
done:1a|hole9|CartPath|3.0|500|2
pending: 1a|hole9|CartPath|3.0|2700|1
done:1a|hole9|CartPath|3.0|2700|1
pending: 1a|hole9|CartPath|3.0|2700|2
done:1a|hole9|CartPath|3.0|2700|2
pending: 1a|hole9|CartPath|6.0|500|1
done:1a|hole9|CartPath|6.0|500|1
pending: 1a|hole9|CartPath|6.0|500|2
done:1a|hole9|CartPath|6.0|500|2
pending: 1a|hole9|CartPath|6.0|2700|1
done:1a|hole9|CartPath|6.0|2700|1
pending: 1a|hole9|CartPath|6.0|2700|2
done:1a|hole9|CartPath|6.0|2700|2
pending: 1a|hole9|CartPath|9.0|500|1
done:1a|hole9|CartPath|9.0|500|1
pending: 1a|hole9|CartPath|9.0|500|2
done:1a|hole9|CartPath|9.0|500|2
pending: 1a|hole9|CartPath|9.0|2700|1
done:1a|hole9|CartPath|9.0|2700|1
pending: 1a|hole9|CartPath|9.0|2700|2
done:1a|hole9|CartPath|9.0|2700|2
pending: 1a|hole9|CartPath|12.0|500|1
done:1a|hole9|CartPath|12.0|500|1
pending: 1a|hole9|CartPath|12.0|500|2
done:1a|hole9|CartPath|12.0|500|2
pending: 1a|hole9|CartPath|12.0|2700|1
done:1a|hole9|CartPath|12.0|2700|1
pending: 1a|hole9|CartPath|12.0|2700|2
done:1a|hole9|CartPath|12.0|2700|2
pending: 1a|hole9|CartPath|15.0|500|1
done:1a|hole9|CartPath|15.0|500|1
pending: 1a|hole9|CartPath|15.0|500|2
done:1a|hole9|CartPath|15.0|500|2
pending: 1a|hole9|CartPath|15.0|2700|1
done:1a|hole9|CartPath|15.0|2700|1
pending: 1a|hole9|CartPath|15.0|2700|2
done:1a|hole9|CartPath|15.0|2700|2
pending: 1a|hole9|CartPath|20.0|500|1
done:1a|hole9|CartPath|20.0|500|1
pending: 1a|hole9|CartPath|20.0|500|2
done:1a|hole9|CartPath|20.0|500|2
pending: 1a|hole9|CartPath|20.0|2700|1
done:1a|hole9|CartPath|20.0|2700|1
pending: 1a|hole9|CartPath|20.0|2700|2
done:1a|hole9|CartPath|20.0|2700|2
pending: 1a|hole9|CartPath|25.0|500|1
done:1a|hole9|CartPath|25.0|500|1
pending: 1a|hole9|CartPath|25.0|500|2
done:1a|hole9|CartPath|25.0|500|2
pending: 1a|hole9|CartPath|25.0|2700|1
done:1a|hole9|CartPath|25.0|2700|1
pending: 1a|hole9|CartPath|25.0|2700|2
done:1a|hole9|CartPath|25.0|2700|2
pending: 1b|hole9|Green|0.50|1
done:1b|hole9|Green|0.50|1
pending: 1b|hole9|Green|0.50|2
done:1b|hole9|Green|0.50|2
pending: 1b|hole9|Green|0.50|3
done:1b|hole9|Green|0.50|3
pending: 1b|hole9|Green|1.00|1
done:1b|hole9|Green|1.00|1
pending: 1b|hole9|Green|1.00|2
done:1b|hole9|Green|1.00|2
pending: 1b|hole9|Green|1.00|3
done:1b|hole9|Green|1.00|3
pending: 1b|hole9|Green|1.83|1
done:1b|hole9|Green|1.83|1
pending: 1b|hole9|Green|1.83|2
done:1b|hole9|Green|1.83|2
pending: 1b|hole9|Green|1.83|3
done:1b|hole9|Green|1.83|3
pending: 1b|hole9|Green|2.50|1
done:1b|hole9|Green|2.50|1
pending: 1b|hole9|Green|2.50|2
done:1b|hole9|Green|2.50|2
pending: 1b|hole9|Green|2.50|3
done:1b|hole9|Green|2.50|3
pending: 1b|hole9|Green|3.50|1
done:1b|hole9|Green|3.50|1
pending: 1b|hole9|Green|3.50|2
done:1b|hole9|Green|3.50|2
pending: 1b|hole9|Green|3.50|3
done:1b|hole9|Green|3.50|3
pending: 1b|hole9|Green|5.00|1
done:1b|hole9|Green|5.00|1
pending: 1b|hole9|Green|5.00|2
done:1b|hole9|Green|5.00|2
pending: 1b|hole9|Green|5.00|3
done:1b|hole9|Green|5.00|3
pending: 1b|hole9|Green|7.00|1
done:1b|hole9|Green|7.00|1
pending: 1b|hole9|Green|7.00|2
done:1b|hole9|Green|7.00|2
pending: 1b|hole9|Green|7.00|3
done:1b|hole9|Green|7.00|3
pending: 1b|hole9|Fairway|0.50|1
done:1b|hole9|Fairway|0.50|1
pending: 1b|hole9|Fairway|0.50|2
done:1b|hole9|Fairway|0.50|2
pending: 1b|hole9|Fairway|0.50|3
done:1b|hole9|Fairway|0.50|3
pending: 1b|hole9|Fairway|1.00|1
done:1b|hole9|Fairway|1.00|1
pending: 1b|hole9|Fairway|1.00|2
done:1b|hole9|Fairway|1.00|2
pending: 1b|hole9|Fairway|1.00|3
done:1b|hole9|Fairway|1.00|3
pending: 1b|hole9|Fairway|1.83|1
done:1b|hole9|Fairway|1.83|1
pending: 1b|hole9|Fairway|1.83|2
done:1b|hole9|Fairway|1.83|2
pending: 1b|hole9|Fairway|1.83|3
done:1b|hole9|Fairway|1.83|3
pending: 1b|hole9|Fairway|2.50|1
done:1b|hole9|Fairway|2.50|1
pending: 1b|hole9|Fairway|2.50|2
done:1b|hole9|Fairway|2.50|2
pending: 1b|hole9|Fairway|2.50|3
done:1b|hole9|Fairway|2.50|3
pending: 1b|hole9|Fairway|3.50|1
done:1b|hole9|Fairway|3.50|1
pending: 1b|hole9|Fairway|3.50|2
done:1b|hole9|Fairway|3.50|2
pending: 1b|hole9|Fairway|3.50|3
done:1b|hole9|Fairway|3.50|3
pending: 1b|hole9|Fairway|5.00|1
done:1b|hole9|Fairway|5.00|1
pending: 1b|hole9|Fairway|5.00|2
done:1b|hole9|Fairway|5.00|2
pending: 1b|hole9|Fairway|5.00|3
done:1b|hole9|Fairway|5.00|3
pending: 1b|hole9|Fairway|7.00|1
done:1b|hole9|Fairway|7.00|1
pending: 1b|hole9|Fairway|7.00|2
done:1b|hole9|Fairway|7.00|2
pending: 1b|hole9|Fairway|7.00|3
done:1b|hole9|Fairway|7.00|3
pending: 1a|hole18|Fairway|3.0|500|1
done:1a|hole18|Fairway|3.0|500|1
pending: 1a|hole18|Fairway|3.0|500|2
done:1a|hole18|Fairway|3.0|500|2
pending: 1a|hole18|Fairway|3.0|2700|1
done:1a|hole18|Fairway|3.0|2700|1
pending: 1a|hole18|Fairway|3.0|2700|2
done:1a|hole18|Fairway|3.0|2700|2
pending: 1a|hole18|Fairway|6.0|500|1
done:1a|hole18|Fairway|6.0|500|1
pending: 1a|hole18|Fairway|6.0|500|2
done:1a|hole18|Fairway|6.0|500|2
pending: 1a|hole18|Fairway|6.0|2700|1
done:1a|hole18|Fairway|6.0|2700|1
pending: 1a|hole18|Fairway|6.0|2700|2
done:1a|hole18|Fairway|6.0|2700|2
pending: 1a|hole18|Fairway|9.0|500|1
done:1a|hole18|Fairway|9.0|500|1
pending: 1a|hole18|Fairway|9.0|500|2
done:1a|hole18|Fairway|9.0|500|2
pending: 1a|hole18|Fairway|9.0|2700|1
done:1a|hole18|Fairway|9.0|2700|1
pending: 1a|hole18|Fairway|9.0|2700|2
done:1a|hole18|Fairway|9.0|2700|2
pending: 1a|hole18|Fairway|12.0|500|1
done:1a|hole18|Fairway|12.0|500|1
pending: 1a|hole18|Fairway|12.0|500|2
done:1a|hole18|Fairway|12.0|500|2
pending: 1a|hole18|Fairway|12.0|2700|1
done:1a|hole18|Fairway|12.0|2700|1
pending: 1a|hole18|Fairway|12.0|2700|2
done:1a|hole18|Fairway|12.0|2700|2
pending: 1a|hole18|Fairway|15.0|500|1
done:1a|hole18|Fairway|15.0|500|1
pending: 1a|hole18|Fairway|15.0|500|2
done:1a|hole18|Fairway|15.0|500|2
pending: 1a|hole18|Fairway|15.0|2700|1
done:1a|hole18|Fairway|15.0|2700|1
pending: 1a|hole18|Fairway|15.0|2700|2
done:1a|hole18|Fairway|15.0|2700|2
pending: 1a|hole18|Fairway|20.0|500|1
done:1a|hole18|Fairway|20.0|500|1
pending: 1a|hole18|Fairway|20.0|500|2
done:1a|hole18|Fairway|20.0|500|2
pending: 1a|hole18|Fairway|20.0|2700|1
done:1a|hole18|Fairway|20.0|2700|1
pending: 1a|hole18|Fairway|20.0|2700|2
done:1a|hole18|Fairway|20.0|2700|2
pending: 1a|hole18|Fairway|25.0|500|1
done:1a|hole18|Fairway|25.0|500|1
pending: 1a|hole18|Fairway|25.0|500|2
done:1a|hole18|Fairway|25.0|500|2
pending: 1a|hole18|Fairway|25.0|2700|1
done:1a|hole18|Fairway|25.0|2700|1
pending: 1a|hole18|Fairway|25.0|2700|2
done:1a|hole18|Fairway|25.0|2700|2
pending: 1a|hole18|Green|3.0|500|1
done:1a|hole18|Green|3.0|500|1
pending: 1a|hole18|Green|3.0|500|2
done:1a|hole18|Green|3.0|500|2
pending: 1a|hole18|Green|3.0|2700|1
done:1a|hole18|Green|3.0|2700|1
pending: 1a|hole18|Green|3.0|2700|2
done:1a|hole18|Green|3.0|2700|2
pending: 1a|hole18|Green|6.0|500|1
done:1a|hole18|Green|6.0|500|1
pending: 1a|hole18|Green|6.0|500|2
done:1a|hole18|Green|6.0|500|2
pending: 1a|hole18|Green|6.0|2700|1
done:1a|hole18|Green|6.0|2700|1
pending: 1a|hole18|Green|6.0|2700|2
done:1a|hole18|Green|6.0|2700|2
pending: 1a|hole18|Green|9.0|500|1
done:1a|hole18|Green|9.0|500|1
pending: 1a|hole18|Green|9.0|500|2
done:1a|hole18|Green|9.0|500|2
pending: 1a|hole18|Green|9.0|2700|1
done:1a|hole18|Green|9.0|2700|1
pending: 1a|hole18|Green|9.0|2700|2
done:1a|hole18|Green|9.0|2700|2
pending: 1a|hole18|Green|12.0|500|1
done:1a|hole18|Green|12.0|500|1
pending: 1a|hole18|Green|12.0|500|2
done:1a|hole18|Green|12.0|500|2
pending: 1a|hole18|Green|12.0|2700|1
done:1a|hole18|Green|12.0|2700|1
pending: 1a|hole18|Green|12.0|2700|2
done:1a|hole18|Green|12.0|2700|2
pending: 1a|hole18|Green|15.0|500|1
done:1a|hole18|Green|15.0|500|1
pending: 1a|hole18|Green|15.0|500|2
done:1a|hole18|Green|15.0|500|2
pending: 1a|hole18|Green|15.0|2700|1
done:1a|hole18|Green|15.0|2700|1
pending: 1a|hole18|Green|15.0|2700|2
done:1a|hole18|Green|15.0|2700|2
pending: 1a|hole18|Green|20.0|500|1
done:1a|hole18|Green|20.0|500|1
pending: 1a|hole18|Green|20.0|500|2
done:1a|hole18|Green|20.0|500|2
pending: 1a|hole18|Green|20.0|2700|1
done:1a|hole18|Green|20.0|2700|1
pending: 1a|hole18|Green|20.0|2700|2
done:1a|hole18|Green|20.0|2700|2
pending: 1a|hole18|Green|25.0|500|1
done:1a|hole18|Green|25.0|500|1
pending: 1a|hole18|Green|25.0|500|2
done:1a|hole18|Green|25.0|500|2
pending: 1a|hole18|Green|25.0|2700|1
done:1a|hole18|Green|25.0|2700|1
pending: 1a|hole18|Green|25.0|2700|2
done:1a|hole18|Green|25.0|2700|2
pending: 1a|hole18|Tee|3.0|500|1
done:1a|hole18|Tee|3.0|500|1
pending: 1a|hole18|Tee|3.0|500|2
done:1a|hole18|Tee|3.0|500|2
pending: 1a|hole18|Tee|3.0|2700|1
done:1a|hole18|Tee|3.0|2700|1
pending: 1a|hole18|Tee|3.0|2700|2
done:1a|hole18|Tee|3.0|2700|2
pending: 1a|hole18|Tee|6.0|500|1
done:1a|hole18|Tee|6.0|500|1
pending: 1a|hole18|Tee|6.0|500|2
done:1a|hole18|Tee|6.0|500|2
pending: 1a|hole18|Tee|6.0|2700|1
done:1a|hole18|Tee|6.0|2700|1
pending: 1a|hole18|Tee|6.0|2700|2
done:1a|hole18|Tee|6.0|2700|2
pending: 1a|hole18|Tee|9.0|500|1
done:1a|hole18|Tee|9.0|500|1
pending: 1a|hole18|Tee|9.0|500|2
done:1a|hole18|Tee|9.0|500|2
pending: 1a|hole18|Tee|9.0|2700|1
done:1a|hole18|Tee|9.0|2700|1
pending: 1a|hole18|Tee|9.0|2700|2
done:1a|hole18|Tee|9.0|2700|2
pending: 1a|hole18|Tee|12.0|500|1
done:1a|hole18|Tee|12.0|500|1
pending: 1a|hole18|Tee|12.0|500|2
done:1a|hole18|Tee|12.0|500|2
pending: 1a|hole18|Tee|12.0|2700|1
done:1a|hole18|Tee|12.0|2700|1
pending: 1a|hole18|Tee|12.0|2700|2
done:1a|hole18|Tee|12.0|2700|2
pending: 1a|hole18|Tee|15.0|500|1
done:1a|hole18|Tee|15.0|500|1
pending: 1a|hole18|Tee|15.0|500|2
done:1a|hole18|Tee|15.0|500|2
pending: 1a|hole18|Tee|15.0|2700|1
done:1a|hole18|Tee|15.0|2700|1
pending: 1a|hole18|Tee|15.0|2700|2
done:1a|hole18|Tee|15.0|2700|2
pending: 1a|hole18|Tee|20.0|500|1
done:1a|hole18|Tee|20.0|500|1
pending: 1a|hole18|Tee|20.0|500|2
done:1a|hole18|Tee|20.0|500|2
pending: 1a|hole18|Tee|20.0|2700|1
done:1a|hole18|Tee|20.0|2700|1
pending: 1a|hole18|Tee|20.0|2700|2
done:1a|hole18|Tee|20.0|2700|2
pending: 1a|hole18|Tee|25.0|500|1
done:1a|hole18|Tee|25.0|500|1
pending: 1a|hole18|Tee|25.0|500|2
done:1a|hole18|Tee|25.0|500|2
pending: 1a|hole18|Tee|25.0|2700|1
done:1a|hole18|Tee|25.0|2700|1
pending: 1a|hole18|Tee|25.0|2700|2
done:1a|hole18|Tee|25.0|2700|2
pending: 1a|hole18|Sand|3.0|500|1
done:1a|hole18|Sand|3.0|500|1
pending: 1a|hole18|Sand|3.0|500|2
done:1a|hole18|Sand|3.0|500|2
pending: 1a|hole18|Sand|3.0|2700|1
done:1a|hole18|Sand|3.0|2700|1
pending: 1a|hole18|Sand|3.0|2700|2
done:1a|hole18|Sand|3.0|2700|2
pending: 1a|hole18|Sand|6.0|500|1
done:1a|hole18|Sand|6.0|500|1
pending: 1a|hole18|Sand|6.0|500|2
done:1a|hole18|Sand|6.0|500|2
pending: 1a|hole18|Sand|6.0|2700|1
done:1a|hole18|Sand|6.0|2700|1
pending: 1a|hole18|Sand|6.0|2700|2
done:1a|hole18|Sand|6.0|2700|2
pending: 1a|hole18|Sand|9.0|500|1
done:1a|hole18|Sand|9.0|500|1
pending: 1a|hole18|Sand|9.0|500|2
done:1a|hole18|Sand|9.0|500|2
pending: 1a|hole18|Sand|9.0|2700|1
done:1a|hole18|Sand|9.0|2700|1
pending: 1a|hole18|Sand|9.0|2700|2
done:1a|hole18|Sand|9.0|2700|2
pending: 1a|hole18|Sand|12.0|500|1
done:1a|hole18|Sand|12.0|500|1
pending: 1a|hole18|Sand|12.0|500|2
done:1a|hole18|Sand|12.0|500|2
pending: 1a|hole18|Sand|12.0|2700|1
done:1a|hole18|Sand|12.0|2700|1
pending: 1a|hole18|Sand|12.0|2700|2
done:1a|hole18|Sand|12.0|2700|2
pending: 1a|hole18|Sand|15.0|500|1
done:1a|hole18|Sand|15.0|500|1
pending: 1a|hole18|Sand|15.0|500|2
done:1a|hole18|Sand|15.0|500|2
pending: 1a|hole18|Sand|15.0|2700|1
done:1a|hole18|Sand|15.0|2700|1
pending: 1a|hole18|Sand|15.0|2700|2
done:1a|hole18|Sand|15.0|2700|2
pending: 1a|hole18|Sand|20.0|500|1
done:1a|hole18|Sand|20.0|500|1
pending: 1a|hole18|Sand|20.0|500|2
done:1a|hole18|Sand|20.0|500|2
pending: 1a|hole18|Sand|20.0|2700|1
done:1a|hole18|Sand|20.0|2700|1
pending: 1a|hole18|Sand|20.0|2700|2
done:1a|hole18|Sand|20.0|2700|2
pending: 1a|hole18|Sand|25.0|500|1
done:1a|hole18|Sand|25.0|500|1
pending: 1a|hole18|Sand|25.0|500|2
done:1a|hole18|Sand|25.0|500|2
pending: 1a|hole18|Sand|25.0|2700|1
done:1a|hole18|Sand|25.0|2700|1
pending: 1a|hole18|Sand|25.0|2700|2
done:1a|hole18|Sand|25.0|2700|2
pending: 1a|hole18|CartPath|3.0|500|1
done:1a|hole18|CartPath|3.0|500|1
pending: 1a|hole18|CartPath|3.0|500|2
done:1a|hole18|CartPath|3.0|500|2
pending: 1a|hole18|CartPath|3.0|2700|1
done:1a|hole18|CartPath|3.0|2700|1
pending: 1a|hole18|CartPath|3.0|2700|2
done:1a|hole18|CartPath|3.0|2700|2
pending: 1a|hole18|CartPath|6.0|500|1
done:1a|hole18|CartPath|6.0|500|1
pending: 1a|hole18|CartPath|6.0|500|2
done:1a|hole18|CartPath|6.0|500|2
pending: 1a|hole18|CartPath|6.0|2700|1
done:1a|hole18|CartPath|6.0|2700|1
pending: 1a|hole18|CartPath|6.0|2700|2
done:1a|hole18|CartPath|6.0|2700|2
pending: 1a|hole18|CartPath|9.0|500|1
done:1a|hole18|CartPath|9.0|500|1
pending: 1a|hole18|CartPath|9.0|500|2
done:1a|hole18|CartPath|9.0|500|2
pending: 1a|hole18|CartPath|9.0|2700|1
done:1a|hole18|CartPath|9.0|2700|1
pending: 1a|hole18|CartPath|9.0|2700|2
done:1a|hole18|CartPath|9.0|2700|2
pending: 1a|hole18|CartPath|12.0|500|1
done:1a|hole18|CartPath|12.0|500|1
pending: 1a|hole18|CartPath|12.0|500|2
done:1a|hole18|CartPath|12.0|500|2
pending: 1a|hole18|CartPath|12.0|2700|1
done:1a|hole18|CartPath|12.0|2700|1
pending: 1a|hole18|CartPath|12.0|2700|2
done:1a|hole18|CartPath|12.0|2700|2
pending: 1a|hole18|CartPath|15.0|500|1
done:1a|hole18|CartPath|15.0|500|1
pending: 1a|hole18|CartPath|15.0|500|2
done:1a|hole18|CartPath|15.0|500|2
pending: 1a|hole18|CartPath|15.0|2700|1
done:1a|hole18|CartPath|15.0|2700|1
pending: 1a|hole18|CartPath|15.0|2700|2
done:1a|hole18|CartPath|15.0|2700|2
pending: 1a|hole18|CartPath|20.0|500|1
done:1a|hole18|CartPath|20.0|500|1
pending: 1a|hole18|CartPath|20.0|500|2
done:1a|hole18|CartPath|20.0|500|2
pending: 1a|hole18|CartPath|20.0|2700|1
done:1a|hole18|CartPath|20.0|2700|1
pending: 1a|hole18|CartPath|20.0|2700|2
done:1a|hole18|CartPath|20.0|2700|2
pending: 1a|hole18|CartPath|25.0|500|1
done:1a|hole18|CartPath|25.0|500|1
pending: 1a|hole18|CartPath|25.0|500|2
done:1a|hole18|CartPath|25.0|500|2
pending: 1a|hole18|CartPath|25.0|2700|1
done:1a|hole18|CartPath|25.0|2700|1
pending: 1a|hole18|CartPath|25.0|2700|2
done:1a|hole18|CartPath|25.0|2700|2
pending: 1b|hole18|Green|0.50|1
done:1b|hole18|Green|0.50|1
pending: 1b|hole18|Green|0.50|2
done:1b|hole18|Green|0.50|2
pending: 1b|hole18|Green|0.50|3
done:1b|hole18|Green|0.50|3
pending: 1b|hole18|Green|1.00|1
done:1b|hole18|Green|1.00|1
pending: 1b|hole18|Green|1.00|2
done:1b|hole18|Green|1.00|2
pending: 1b|hole18|Green|1.00|3
done:1b|hole18|Green|1.00|3
pending: 1b|hole18|Green|1.83|1
done:1b|hole18|Green|1.83|1
pending: 1b|hole18|Green|1.83|2
done:1b|hole18|Green|1.83|2
pending: 1b|hole18|Green|1.83|3
done:1b|hole18|Green|1.83|3
pending: 1b|hole18|Green|2.50|1
done:1b|hole18|Green|2.50|1
pending: 1b|hole18|Green|2.50|2
done:1b|hole18|Green|2.50|2
pending: 1b|hole18|Green|2.50|3
done:1b|hole18|Green|2.50|3
pending: 1b|hole18|Green|3.50|1
done:1b|hole18|Green|3.50|1
pending: 1b|hole18|Green|3.50|2
done:1b|hole18|Green|3.50|2
pending: 1b|hole18|Green|3.50|3
done:1b|hole18|Green|3.50|3
pending: 1b|hole18|Green|5.00|1
done:1b|hole18|Green|5.00|1
pending: 1b|hole18|Green|5.00|2
done:1b|hole18|Green|5.00|2
pending: 1b|hole18|Green|5.00|3
done:1b|hole18|Green|5.00|3
pending: 1b|hole18|Green|7.00|1
done:1b|hole18|Green|7.00|1
pending: 1b|hole18|Green|7.00|2
done:1b|hole18|Green|7.00|2
pending: 1b|hole18|Green|7.00|3
done:1b|hole18|Green|7.00|3
pending: 1b|hole18|Fairway|0.50|1
done:1b|hole18|Fairway|0.50|1
pending: 1b|hole18|Fairway|0.50|2
done:1b|hole18|Fairway|0.50|2
pending: 1b|hole18|Fairway|0.50|3
done:1b|hole18|Fairway|0.50|3
pending: 1b|hole18|Fairway|1.00|1
done:1b|hole18|Fairway|1.00|1
pending: 1b|hole18|Fairway|1.00|2
done:1b|hole18|Fairway|1.00|2
pending: 1b|hole18|Fairway|1.00|3
done:1b|hole18|Fairway|1.00|3
pending: 1b|hole18|Fairway|1.83|1
done:1b|hole18|Fairway|1.83|1
pending: 1b|hole18|Fairway|1.83|2
done:1b|hole18|Fairway|1.83|2
pending: 1b|hole18|Fairway|1.83|3
done:1b|hole18|Fairway|1.83|3
pending: 1b|hole18|Fairway|2.50|1
done:1b|hole18|Fairway|2.50|1
pending: 1b|hole18|Fairway|2.50|2
done:1b|hole18|Fairway|2.50|2
pending: 1b|hole18|Fairway|2.50|3
done:1b|hole18|Fairway|2.50|3
pending: 1b|hole18|Fairway|3.50|1
done:1b|hole18|Fairway|3.50|1
pending: 1b|hole18|Fairway|3.50|2
done:1b|hole18|Fairway|3.50|2
pending: 1b|hole18|Fairway|3.50|3
done:1b|hole18|Fairway|3.50|3
pending: 1b|hole18|Fairway|5.00|1
done:1b|hole18|Fairway|5.00|1
pending: 1b|hole18|Fairway|5.00|2
done:1b|hole18|Fairway|5.00|2
pending: 1b|hole18|Fairway|5.00|3
done:1b|hole18|Fairway|5.00|3
pending: 1b|hole18|Fairway|7.00|1
done:1b|hole18|Fairway|7.00|1
pending: 1b|hole18|Fairway|7.00|2
done:1b|hole18|Fairway|7.00|2
pending: 1b|hole18|Fairway|7.00|3
done:1b|hole18|Fairway|7.00|3
pending: 2|1|straight
done:2|1|straight
pending: 2|1|draw3deg
done:2|1|draw3deg
pending: 2|9|straight
done:2|9|straight
pending: 2|9|draw3deg
done:2|9|draw3deg
pending: 2|18|straight
done:2|18|straight
pending: 2|18|draw3deg
done:2|18|draw3deg
