=== iter-1 kickoff baseline 2026-08-31T10:56:46Z ===
HEAD: 9d16a10ebdfb99dc85e01bcabe495ba9efa7a2f7
DIRTY:
 M Docs/Specs/Active/gacha_ops_polish/SPEC.md
 M Docs/TellCode.md
?? Docs/Specs/Active/gacha_ops_polish/HEARTBEAT.log
?? Docs/Specs/Completed/gacha_client_real_pull/ARCHITECT_REVIEW.md
=== end baseline ===

2026-08-31T11:16:21Z §2 done: GachaRatesText + modal controller + prefab clone + scene instance + 13 EditMode tests.
  Full EditMode suite 2146 tests, 0 failed, 3 pre-existing skips. Tripwire proved the new suite runs
  (RarityTiers_AreListedRarestFirst failed on demand, production line = "LEGENDARY  2.00%").

2026-08-31T11:31:15Z §2 committed (c0dfbaab1). texts published v20 over PostgREST
  (dashboard is behind Cloudflare Access; ran the same validation + content_publish RPC + audit row).
  Found and fixed an export_content.py idempotence bug that blanked is_active on the second export
  (832992d5c). export --check clean. Next: §3 telemetry.

2026-08-31T11:55:32Z §3 client + §4c committed (e1996ccc9). §4 (gold ticket) and §4e
  (default-ball guard) built: derived PNGs, ticket_types v2 published, balls v6 published with
  isDefault, admin validator rules + tests (47 in gachaValidate), server migration written and
  parse-checked. EditMode 2146/0. Dashboard vitest 233. Next: deploy, then §5.

2026-08-31T13:06:16Z §5 CLOSED. Build 2534 then 2537 uploaded to TestFlight (Cesar approved
  both runs). TICKET_SHOP_BUILD=2534 read from the guard file; shop_catalog v5 published with
  shop_ticket_standard_50 (50 tickets / 100 RP / minBuild 2536) through the SHIPPED validateCatalog.
  Live purchase verified by SQL: golfin_shop_purchases amount=50 charged_rp=100, tickets 2840->2890,
  pending_grants unchanged at 52. FOUR defects found and fixed in the ticket path along the way
  (quantity unparsed, price/BUY hidden, TICKETS chip unwired, PreCheck default==Ball).
  EditMode 2146/0. Scene reverted from disk after play mode — never saved.
